regmap.c:67:23:regmap_alloc	8	static
regmap.c:154:5:regmap_init_mem_index	56	static
regmap.c:200:5:regmap_init_mem_range	24	static
regmap.c:227:5:regmap_init_mem	64	static
regmap.c:306:16:devm_regmap_init	16	static
regmap.c:339:7:regmap_get_range	0	static
regmap.c:350:5:regmap_uninit	8	static
regmap.c:406:5:regmap_raw_read_range	12	static
regmap.c:451:5:regmap_raw_read	16	static
regmap.c:456:5:regmap_read	24	static
regmap.c:546:5:regmap_raw_write_range	20	static
regmap.c:590:5:regmap_raw_write	16	static
regmap.c:596:5:regmap_write	16	static
regmap.c:627:5:regmap_update_bits	32	static
regmap.c:641:5:regmap_field_read	24	static
regmap.c:657:5:regmap_field_write	0	static
regmap.c:673:22:devm_regmap_field_alloc	8	static
regmap.c:687:6:devm_regmap_field_free	0	static
regmap.c:692:22:regmap_field_alloc	24	static
regmap.c:705:6:regmap_field_free	0	static
