spi-nor-core.c:546:12:read_cr	16	static
spi-nor-core.c:575:12:write_enable	4	static
spi-nor-core.c:583:12:write_disable	4	static
spi-nor-core.c:1109:13:stm_get_locked_range	24	static
spi-nor-core.c:1400:12:spi_nor_read	40	static
spi-nor-core.c:2085:12:spi_nor_read_sfdp	40	static
spi-nor-core.c:2234:1:spi_nor_post_bfpt_fixups	4	static
spi-nor-core.c:2887:12:spi_nor_hwcaps2cmd	0	static
spi-nor-core.c:3348:13:s25_default_init	0	static
spi-nor-core.c:3548:13:s28hx_t_default_init	0	static
spi-nor-core.c:3554:13:s28hx_t_post_sfdp_fixup	0	static
spi-nor-core.c:3680:13:mt35xu512aba_default_init	0	static
spi-nor-core.c:3685:13:mt35xu512aba_post_sfdp_fixup	0	static
spi-nor-core.c:3585:12:s28hx_t_post_bfpt_fixup	72	static
spi-nor-core.c:3411:13:s25_post_sfdp_fixup	0	static
spi-nor-core.c:2948:12:spi_nor_check_op	16	static
spi-nor-core.c:675:12:set_4byte.isra.0.constprop	16	static
spi-nor-core.c:329:12:spansion_read_any_reg	72	static
spi-nor-core.c:3353:12:s25_post_bfpt_fixup	40	static
spi-nor-core.c:3282:12:s25_quad_enable	80	static
spi-nor-core.c:3268:12:s25_mdp_ready	24	static
spi-nor-core.c:1160:12:stm_is_unlocked_sr	48	static
spi-nor-core.c:1154:12:stm_is_locked_sr	48	static
spi-nor-core.c:250:6:spi_nor_setup_op	8	static
spi-nor-core.c:3887:12:spi_nor_soft_reset	72	static
spi-nor-core.c:459:12:read_sr	80	static
spi-nor-core.c:1363:12:stm_is_unlocked	48	static
spi-nor-core.c:842:12:spi_nor_wait_till_ready	96	static
spi-nor-core.c:3633:12:spi_nor_micron_octal_dtr_enable	88	static
spi-nor-core.c:3459:12:spi_nor_cypress_octal_dtr_enable	88	static
spi-nor-core.c:1722:12:spi_nor_write	80	static
spi-nor-core.c:1935:12:write_sr_cr	16	static
spi-nor-core.c:1971:12:spansion_read_cr_quad_enable	16	static
spi-nor-core.c:2025:12:spansion_no_read_cr_quad_enable	16	static
spi-nor-core.c:1089:12:write_sr_and_check.constprop	16	static
spi-nor-core.c:1198:12:stm_lock	56	static
spi-nor-core.c:1278:12:stm_unlock	64	static
spi-nor-core.c:3209:12:spi_nor_default_setup	80	static
spi-nor-core.c:3515:12:s28hx_t_setup	72	static
spi-nor-core.c:3303:12:s25_setup	24	static
spi-nor-core.c:954:12:spi_nor_erase	80	static
spi-nor-core.c:313:12:spi_nor_write_reg	72	static
spi-nor-core.c:296:12:spi_nor_read_reg	72	static
spi-nor-core.c:420:16:spi_nor_write_data	72	static
spi-nor-core.c:358:26:spi_nor_read_op	64	static
spi-nor-core.c:375:16:spi_nor_read_data	64	static
spi-nor-core.c:3296:12:s25_erase_non_uniform	72	static
spi-nor-core.c:3508:12:s28hx_t_erase_non_uniform	0	static
spi-nor-core.c:3936:5:spi_nor_remove	0	static
spi-nor-core.c:3947:6:spi_nor_set_fixups	8	static
spi-nor-core.c:3984:5:spi_nor_scan	624	static
spi-nor-core.c:4178:5:spi_flash_cmd_get_sw_write_prot	8	static
