j721e_init.c:196:6:setup_navss_nb	0	static
j721e_init.c:202:6:setup_vpac_qos	0	static
j721e_init.c:231:6:setup_dmpac_qos	0	static
j721e_init.c:242:6:setup_dss_qos	8	static
j721e_init.c:273:6:setup_gpu_qos	12	static
j721e_init.c:336:6:setup_encoder_qos	0	static
j721e_init.c:363:6:setup_decoder_qos	0	static
j721e_init.c:390:6:setup_c66_qos	0	static
j721e_init.c:417:6:setup_main_r5f_qos	0	static
j721e_init.c:578:5:spl_mmc_boot_mode	0	static
j721e_init.c:643:5:spl_spi_boot_bus	0	static
j721e_init.c:654:5:spl_boot_device	8	static
j721e_init.c:102:6:k3_mmc_stop_clock	8	static
j721e_init.c:115:6:k3_mmc_restart_clock	8	static
j721e_init.c:144:6:do_dt_magic	16	static
j721e_init.c:467:6:board_init_f	16	static
j721e_init.c:680:6:release_resources_for_core_shutdown	8	static
