root.c:270:12:dm_scan_fdt_node	32	static
root.c:364:12:dm_probe_devices	16	static
root.c:39:17:dm_root	0	static
root.c:49:6:dm_fixup_for_gd_move	0	static
root.c:58:6:fix_drivers	8	static
root.c:91:6:fix_uclass	8	static
root.c:120:6:fix_devices	8	static
root.c:169:5:dm_init	8	static
root.c:213:5:dm_uninit	8	static
root.c:233:5:dm_scan_plat	8	static
root.c:301:5:dm_scan_fdt_dev	0	static
root.c:307:5:dm_scan_fdt	0	static
root.c:321:5:dm_extended_scan	32	static
root.c:350:12:dm_scan_other	0	static
root.c:423:5:dm_init_and_scan	8	static
root.c:448:6:dm_get_stats	16	static
root.c:454:6:dev_collect_stats	24	static
root.c:478:6:uclass_collect_stats	12	static
root.c:495:6:dm_get_mem	8	static
