cadence_qspi_apb.c:97:21:cadence_qspi_calc_dummy	0	static
cadence_qspi_apb.c:140:12:cadence_qspi_calc_rdreg	0	static
cadence_qspi_apb.c:172:12:cadence_qspi_set_protocol	0	static
cadence_qspi_apb.c:207:21:cadence_qspi_wait_idle	24	static
cadence_qspi_apb.c:517:12:cadence_qspi_enable_dtr	12	static
cadence_qspi_apb.c:41:13:cadence_qspi_apb_enable_linear_mode	0	static
cadence_qspi_apb.c:46:6:cadence_qspi_apb_set_tx_dll	0	static
cadence_qspi_apb.c:59:6:cadence_qspi_apb_set_rx_dll	0	static
cadence_qspi_apb.c:72:6:cadence_qspi_apb_controller_enable	0	static
cadence_qspi_apb.c:80:6:cadence_qspi_apb_controller_disable	0	static
cadence_qspi_apb.c:88:6:cadence_qspi_apb_dac_mode_enable	0	static
cadence_qspi_apb.c:233:6:cadence_qspi_apb_readdata_capture	8	static
cadence_qspi_apb.c:314:6:cadence_qspi_apb_config_baudrate_div	8	static
cadence_qspi_apb.c:344:6:cadence_qspi_apb_set_clk_mode	8	static
cadence_qspi_apb.c:362:6:cadence_qspi_apb_chipselect	8	static
cadence_qspi_apb.c:396:6:cadence_qspi_apb_delay	24	static
cadence_qspi_apb.c:437:6:cadence_qspi_apb_controller_init	8	static
cadence_qspi_apb.c:464:5:cadence_qspi_apb_exec_flash_cmd	16	static
cadence_qspi_apb.c:545:5:cadence_qspi_apb_command_read_setup	16	static
cadence_qspi_apb.c:567:5:cadence_qspi_apb_command_read	40	static
cadence_qspi_apb.c:633:5:cadence_qspi_apb_command_write_setup	0	static
cadence_qspi_apb.c:655:5:cadence_qspi_apb_command_write	32	static
cadence_qspi_apb.c:720:5:cadence_qspi_apb_read_setup	24	static
cadence_qspi_apb.c:937:5:cadence_qspi_apb_read_execute	56	static
cadence_qspi_apb.c:951:5:cadence_qspi_apb_write_setup	16	static
cadence_qspi_apb.c:1098:5:cadence_qspi_apb_write_execute	40	static
cadence_qspi_apb.c:1124:6:cadence_qspi_apb_enter_xip	0	static
