lmb.c:24:13:lmb_dump_region	64	static
lmb.c:395:13:lmb_overlaps_region	16	static
lmb.c:231:13:lmb_add_region_flags	48	static
lmb.c:43:6:lmb_dump_all_force	8	static
lmb.c:50:6:lmb_dump_all	0	static
lmb.c:108:6:lmb_init	0	static
lmb.c:325:6:lmb_add	0	static
lmb.c:332:6:lmb_free	24	static
lmb.c:382:6:lmb_reserve_flags	0	static
lmb.c:390:6:lmb_reserve	0	static
lmb.c:123:6:arch_lmb_reserve_generic	24	static
lmb.c:433:13:__lmb_alloc_base	40	static
lmb.c:415:13:lmb_alloc_base	16	static
lmb.c:410:13:lmb_alloc	0	static
lmb.c:478:13:lmb_alloc_addr	16	static
lmb.c:501:13:lmb_get_free_size	16	static
lmb.c:527:5:lmb_is_reserved_flags	20	static
lmb.c:540:5:lmb_is_reserved	0	static
lmb.c:545:13:board_lmb_reserve	0	static
lmb.c:550:13:arch_lmb_reserve	0	static
lmb.c:192:13:lmb_reserve_common	32	static
lmb.c:205:6:lmb_init_and_reserve	24	static
lmb.c:222:6:lmb_init_and_reserve_range	16	static
