eth-uclass.c:52:32:eth_get_uclass_priv	16	static
eth-uclass.c:627:12:eth_pre_remove	16	static
eth-uclass.c:219:12:eth_write_hwaddr	16	static
eth-uclass.c:251:12:on_ethaddr	24	static
eth-uclass.c:545:12:eth_post_probe	32	static
eth-uclass.c:489:12:eth_post_bind	16	static
eth-uclass.c:65:6:eth_set_enable_bootdevs	8	static
eth-uclass.c:73:6:eth_set_current_to_next	8	static
eth-uclass.c:93:17:eth_get_dev	16	static
eth-uclass.c:118:6:eth_set_dev	8	static
eth-uclass.c:512:12:eth_pre_unbind	8	static
eth-uclass.c:133:17:eth_get_dev_by_name	32	static
eth-uclass.c:170:16:eth_get_ethaddr	8	static
eth-uclass.c:183:5:eth_init_state_only	8	static
eth-uclass.c:199:6:eth_halt_state_only	8	static
eth-uclass.c:212:5:eth_get_dev_index	8	static
eth-uclass.c:279:5:eth_init	24	static
eth-uclass.c:343:6:eth_halt	16	static
eth-uclass.c:361:5:eth_is_active	8	static
eth-uclass.c:372:5:eth_send	16	static
eth-uclass.c:396:5:eth_rx	24	static
eth-uclass.c:432:5:eth_initialize	32	static
