net.c:371:13:net_clear_handlers	0	static
net.c:736:13:start_again_timeout_handler	0	static
net.c:800:13:dummy_handler	0	static
net.c:213:12:on_ipaddr	8	static
net.c:225:12:on_gatewayip	8	static
net.c:237:12:on_netmask	8	static
net.c:249:12:on_serverip	8	static
net.c:347:12:net_init_loop	8	static
net.c:383:5:net_init	8	static
net.c:741:5:net_start_again	16	static
net.c:806:11:net_get_udp_handler	0	static
net.c:811:6:net_set_udp_handler	0	static
net.c:820:11:net_get_arp_handler	0	static
net.c:825:6:net_set_arp_handler	0	static
net.c:841:6:net_set_timeout_handler	8	static
net.c:856:8:net_get_async_tx_pkt_buf	8	static
net.c:1159:6:net_process_received_packet	40	static
net.c:1546:1:net_eth_hdr_size	0	static
net.c:1558:5:net_set_ether	24	static
net.c:1583:5:net_update_ether	16	static
net.c:1606:6:net_set_ip_header	16	static
net.c:1631:6:net_set_udp_header	32	static
net.c:881:5:net_send_ip_packet	40	static
net.c:864:5:net_send_udp_packet	32	static
net.c:1653:6:copy_filename	0	static
net.c:1665:5:is_serverip_in_cmd	8	static
net.c:1435:12:net_check_prereq	8	static
net.c:303:6:net_auto_load	8	static
net.c:417:5:net_loop	40	static
net.c:1670:5:net_parse_bootfile	24	static
net.c:1695:6:ip_to_string	16	static
net.c:1706:6:vlan_to_string	0	static
net.c:1719:8:string_to_vlan	8	static
net.c:261:12:on_nvlan	8	static
net.c:273:12:on_vlan	8	static
net.c:1734:8:env_get_vlan	8	static
