clk-uclass.c:562:13:clk_clean_rate_cache	16	static
clk-uclass.c:33:13:dev_get_clk_ptr	0	static
clk-uclass.c:440:5:clk_request	0	static
clk-uclass.c:74:12:clk_get_by_index_tail.isra.0.part.0	24	static
clk-uclass.c:144:5:clk_get_by_index_nodev	96	static
clk-uclass.c:139:5:clk_get_by_index	0	static
clk-uclass.c:400:5:clk_get_by_name_nodev	16	static
clk-uclass.c:394:5:clk_get_by_name	0	static
clk-uclass.c:115:12:clk_get_by_indexed_prop.isra.0	96	static
clk-uclass.c:457:6:clk_free	0	static
clk-uclass.c:471:7:clk_get_rate	0	static
clk-uclass.c:491:13:clk_get_parent	8	static
clk-uclass.c:510:7:clk_get_parent_rate	8	static
clk-uclass.c:534:7:clk_round_rate	0	static
clk-uclass.c:599:5:clk_set_parent	16	static
clk-uclass.c:746:5:clk_get_by_id	32	static
clk-uclass.c:578:7:clk_set_rate	24	static
clk-uclass.c:622:5:clk_enable	24	static
clk-uclass.c:669:5:clk_enable_bulk	16	static
clk-uclass.c:682:5:clk_disable	24	static
clk-uclass.c:419:5:clk_release_all	24	static
clk-uclass.c:156:5:clk_get_bulk	24	static
clk-uclass.c:733:5:clk_disable_bulk	16	static
clk-uclass.c:365:5:clk_set_defaults	112	static
clk-uclass.c:823:5:clk_uclass_post_probe	8	static
clk-uclass.c:768:6:clk_is_match	0	static
clk-uclass.c:795:13:devm_clk_get	16	static
clk-uclass.c:812:6:devm_clk_put	0	static
