k3-udma.c:444:13:udma_reset_counters	0	static
k3-udma.c:505:12:udma_start	8	static
k3-udma.c:823:13:udma_put_rchan	8	static
k3-udma.c:835:13:udma_put_tchan	16	static
k3-udma.c:849:13:udma_put_rflow	8	static
k3-udma.c:2022:13:bcdma_put_bchan	8	static
k3-udma.c:2689:12:udma_get_cfg	16	static
k3-udma.c:2435:12:udma_enable	8	static
k3-udma.c:1830:12:udma_push_to_ring	24	static
k3-udma.c:2645:5:udma_prepare_rcv_buf	40	static
k3-udma.c:349:13:udma_reset_uchan	8	static
k3-udma.c:874:12:udma_alloc_tx_resources	48	static
k3-udma.c:861:13:udma_free_tx_resources	8	static
k3-udma.c:916:13:udma_free_rx_resources	8	static
k3-udma.c:2035:13:bcdma_free_bchan_resources	8	static
k3-udma.c:655:27:__udma_reserve_rflow	152	static
k3-udma-u-boot.c:97:13:udma_alloc_tchan_raw	8	static
k3-udma.c:999:12:udma_alloc_tchan_sci_req	48	static
k3-udma-u-boot.c:121:13:udma_alloc_rchan_raw	24	static
k3-udma.c:1044:12:udma_alloc_rchan_sci_req	104	static
k3-udma.c:416:13:udma_reset_rings	16	static
k3-udma.c:2452:12:udma_disable	16	static
k3-udma.c:2408:12:udma_rfree	24	static
k3-udma.c:643:13:udma_poll_completion	32	static
k3-udma.c:2472:12:udma_send	72	static
k3-udma.c:2531:12:udma_receive	48	static
k3-udma.c:2581:12:udma_of_xlate	24	static
k3-udma.c:1696:12:udma_probe	64	static
k3-udma.c:2170:12:bcdma_alloc_chan_resources	72	static
k3-udma.c:933:12:udma_alloc_rx_resources	48	static
k3-udma.c:1155:12:udma_alloc_chan_resources	32	static
k3-udma.c:2313:12:udma_transfer	64	static
k3-udma.c:2354:12:udma_request	104	static
