bootdev-uclass.c:846:12:bootdev_post_bind	8	static
bootdev-uclass.c:726:12:bootdev_hunt_drv	32	static
bootdev-uclass.c:245:12:bootdev_get_suffix_start.isra.0	24	static
bootdev-uclass.c:36:5:bootdev_add_bootflow	24	static
bootdev-uclass.c:62:5:bootdev_first_bootflow	8	static
bootdev-uclass.c:75:5:bootdev_next_bootflow	16	static
bootdev-uclass.c:90:5:bootdev_bind	64	static
bootdev-uclass.c:111:5:bootdev_find_in_blk	232	static
bootdev-uclass.c:196:6:bootdev_list	48	static
bootdev-uclass.c:222:5:bootdev_setup_for_dev	24	static
bootdev-uclass.c:257:5:bootdev_setup_sibling_blk	80	static
bootdev-uclass.c:291:5:bootdev_get_sibling_blk	88	static
bootdev-uclass.c:342:5:bootdev_unbind_dev	16	static
bootdev-uclass.c:410:5:bootdev_find_by_label	120	static
bootdev-uclass.c:466:5:bootdev_find_by_any	40	static
bootdev-uclass.c:547:5:bootdev_get_bootflow	32	static
bootdev-uclass.c:560:6:bootdev_clear_bootflows	8	static
bootdev-uclass.c:855:12:bootdev_pre_unbind	8	static
bootdev-uclass.c:752:5:bootdev_hunt	48	static
bootdev-uclass.c:509:5:bootdev_hunt_and_find_by_label	16	static
bootdev-uclass.c:573:5:bootdev_next_label	24	static
bootdev-uclass.c:790:5:bootdev_hunt_prio	32	static
bootdev-uclass.c:592:5:bootdev_next_prio	24	static
bootdev-uclass.c:656:5:bootdev_setup_iter	40	static
bootdev-uclass.c:815:6:bootdev_list_hunters	48	static
