lpddr4.c:48:5:lpddr4_pollctlirq	32	static
lpddr4.c:120:15:lpddr4_addoffset	0	static
lpddr4.c:128:5:lpddr4_probe	0	static
lpddr4.c:138:5:lpddr4_init	0	static
lpddr4.c:165:5:lpddr4_readreg	8	static
lpddr4.c:221:5:lpddr4_deferredregverify	48	static
lpddr4.c:259:5:lpddr4_writereg	0	static
lpddr4.c:288:5:lpddr4_getmmrregister	16	static
lpddr4.c:323:5:lpddr4_setmmrregister	16	static
lpddr4.c:344:5:lpddr4_writectlconfig	24	static
lpddr4.c:361:5:lpddr4_writephyindepconfig	24	static
lpddr4.c:377:5:lpddr4_writephyconfig	24	static
lpddr4.c:393:5:lpddr4_readctlconfig	24	static
lpddr4.c:409:5:lpddr4_readphyindepconfig	24	static
lpddr4.c:425:5:lpddr4_readphyconfig	24	static
lpddr4.c:441:5:lpddr4_getphyindepinterruptmask	0	static
lpddr4.c:453:5:lpddr4_setphyindepinterruptmask	8	static
lpddr4.c:473:5:lpddr4_checkphyindepinterrupt	0	static
lpddr4.c:488:5:lpddr4_ackphyindepinterrupt	0	static
lpddr4.c:153:5:lpddr4_start	24	static
lpddr4.c:580:6:lpddr4_checklvlerrors	24	static
lpddr4.c:613:6:lpddr4_seterrors	0	static
lpddr4.c:666:6:lpddr4_setsettings	0	static
lpddr4.c:761:5:lpddr4_getlpiwakeuptime	8	static
lpddr4.c:902:5:lpddr4_setlpiwakeuptime	8	static
lpddr4.c:918:5:lpddr4_getdbireadmode	0	static
lpddr4.c:934:5:lpddr4_getdbiwritemode	0	static
lpddr4.c:950:5:lpddr4_setdbimode	0	static
lpddr4.c:973:5:lpddr4_getrefreshrate	8	static
lpddr4.c:1033:5:lpddr4_setrefreshrate	8	static
lpddr4.c:1055:5:lpddr4_refreshperchipselect	0	static
