Archive member included to satisfy reference by file (symbol)

arch/arm/mach-k3/j721e/clk-data.o
                              (--whole-archive)
arch/arm/mach-k3/j721e/dev-data.o
                              (--whole-archive)
arch/arm/mach-k3/j7200/clk-data.o
                              (--whole-archive)
arch/arm/mach-k3/j7200/dev-data.o
                              (--whole-archive)
arch/arm/mach-k3/r5_mpu.o     (--whole-archive)
arch/arm/mach-k3/lowlevel_init.o
                              (--whole-archive)
arch/arm/mach-k3/j721e_init.o
                              (--whole-archive)
arch/arm/mach-k3/sysfw-loader.o
                              (--whole-archive)
arch/arm/mach-k3/common.o     (--whole-archive)
arch/arm/mach-k3/security.o   (--whole-archive)
arch/arm/cpu/armv7/cache_v7.o
                              (--whole-archive)
arch/arm/cpu/armv7/cache_v7_asm.o
                              (--whole-archive)
arch/arm/cpu/armv7/cpu.o      (--whole-archive)
arch/arm/cpu/armv7/cp15.o     (--whole-archive)
arch/arm/cpu/armv7/syslib.o   (--whole-archive)
arch/arm/cpu/armv7/mpu_v7r.o  (--whole-archive)
arch/arm/cpu/armv7/lowlevel_init.o
                              (--whole-archive)
arch/arm/lib/vectors.o        (--whole-archive)
arch/arm/lib/crt0.o           (--whole-archive)
arch/arm/lib/setjmp.o         (--whole-archive)
arch/arm/lib/spl.o            (--whole-archive)
arch/arm/lib/bootm-fdt.o      (--whole-archive)
arch/arm/lib/memset.o         (--whole-archive)
arch/arm/lib/memcpy.o         (--whole-archive)
arch/arm/lib/bdinfo.o         (--whole-archive)
arch/arm/lib/sections.o       (--whole-archive)
arch/arm/lib/stack.o          (--whole-archive)
arch/arm/lib/interrupts.o     (--whole-archive)
arch/arm/lib/cache.o          (--whole-archive)
arch/arm/lib/cache-cp15.o     (--whole-archive)
arch/arm/lib/psci-dt.o        (--whole-archive)
board/ti/j721e/evm.o          (--whole-archive)
board/ti/common/board_detect.o
                              (--whole-archive)
common/spl/spl.o              (--whole-archive)
common/spl/spl_fit.o          (--whole-archive)
common/spl/spl_nor.o          (--whole-archive)
common/spl/spl_ymodem.o       (--whole-archive)
common/spl/spl_mmc.o          (--whole-archive)
common/spl/spl_fat.o          (--whole-archive)
common/spl/spl_ext.o          (--whole-archive)
common/spl/spl_dfu.o          (--whole-archive)
common/spl/spl_spi.o          (--whole-archive)
common/spl/spl_ram.o          (--whole-archive)
common/init/board_init.o      (--whole-archive)
boot/image.o                  (--whole-archive)
boot/image-board.o            (--whole-archive)
boot/image-fdt.o              (--whole-archive)
boot/image-fit.o              (--whole-archive)
boot/boot_fit.o               (--whole-archive)
boot/common_fit.o             (--whole-archive)
common/dfu.o                  (--whole-archive)
common/fdt_support.o          (--whole-archive)
common/console.o              (--whole-archive)
common/dlmalloc.o             (--whole-archive)
common/malloc_simple.o        (--whole-archive)
common/hash.o                 (--whole-archive)
common/memsize.o              (--whole-archive)
common/stdio.o                (--whole-archive)
common/cli.o                  (--whole-archive)
common/command.o              (--whole-archive)
common/s_record.o             (--whole-archive)
common/xyzModem.o             (--whole-archive)
cmd/nvedit.o                  (--whole-archive)
env/common.o                  (--whole-archive)
env/env.o                     (--whole-archive)
env/attr.o                    (--whole-archive)
env/flags.o                   (--whole-archive)
env/nowhere.o                 (--whole-archive)
lib/hash-checksum.o           (--whole-archive)
lib/sha1.o                    (--whole-archive)
lib/sha256.o                  (--whole-archive)
lib/rational.o                (--whole-archive)
lib/libfdt/fdt.o              (--whole-archive)
lib/libfdt/fdt_ro.o           (--whole-archive)
lib/libfdt/fdt_wip.o          (--whole-archive)
lib/libfdt/fdt_strerror.o     (--whole-archive)
lib/libfdt/fdt_sw.o           (--whole-archive)
lib/libfdt/fdt_rw.o           (--whole-archive)
lib/libfdt/fdt_empty_tree.o   (--whole-archive)
lib/libfdt/fdt_addresses.o    (--whole-archive)
lib/fdtdec_common.o           (--whole-archive)
lib/fdtdec.o                  (--whole-archive)
lib/crc16-ccitt.o             (--whole-archive)
lib/net_utils.o               (--whole-archive)
lib/qsort.o                   (--whole-archive)
lib/hashtable.o               (--whole-archive)
lib/errno.o                   (--whole-archive)
lib/display_options.o         (--whole-archive)
lib/crc32.o                   (--whole-archive)
lib/ctype.o                   (--whole-archive)
lib/div64.o                   (--whole-archive)
lib/hang.o                    (--whole-archive)
lib/linux_compat.o            (--whole-archive)
lib/linux_string.o            (--whole-archive)
lib/lmb.o                     (--whole-archive)
[...]
Memory Configuration

Name             Origin             Length             Attributes
.sram            0x0000000041c00000 0x00000000000f59f0
.sdram           0x0000000041cf59f0 0x000000000000a000
*default*        0x0000000000000000 0xffffffffffffffff

Linker script and memory map


.text           0x0000000041c00000    0x28d68
                0x0000000041c00000                __start = .
 *(.vectors)
 .vectors       0x0000000041c00000       0x44 arch/arm/lib/vectors.o
                0x0000000041c00000                _start
                0x0000000041c00020                _reset
                0x0000000041c00024                _undefined_instruction
                0x0000000041c00028                _software_interrupt
                0x0000000041c0002c                _prefetch_abort
                0x0000000041c00030                _data_abort
                0x0000000041c00034                _not_used
                0x0000000041c00038                _irq
                0x0000000041c0003c                _fiq
 arch/arm/cpu/armv7/start.o(.text*)
 .text          0x0000000041c00044       0xb0 arch/arm/cpu/armv7/start.o
                0x0000000041c00044                reset
                0x0000000041c00048                save_boot_params_ret
                0x0000000041c00078                c_runtime_cpu_setup
                0x0000000041c00088                save_boot_params
                0x0000000041c0008c                cpu_init_cp15
                0x0000000041c000ec                cpu_init_crit
 *(.text*)
 .text.setup_k3_mpu_regions
                0x0000000041c000f4        0xc arch/arm/mach-k3/r5_mpu.o
                0x0000000041c000f4                setup_k3_mpu_regions
 .text          0x0000000041c00100       0x1c arch/arm/mach-k3/lowlevel_init.o
                0x0000000041c00100                lowlevel_init
 .text.setup_navss_nb
                0x0000000041c0011c       0x10 arch/arm/mach-k3/j721e_init.o
                0x0000000041c0011c                setup_navss_nb
 .text.setup_vpac_qos
                0x0000000041c0012c       0x88 arch/arm/mach-k3/j721e_init.o
                0x0000000041c0012c                setup_vpac_qos
 .text.setup_dmpac_qos
                0x0000000041c001b4       0x1c arch/arm/mach-k3/j721e_init.o
                0x0000000041c001b4                setup_dmpac_qos
 .text.setup_dss_qos
                0x0000000041c001d0       0x90 arch/arm/mach-k3/j721e_init.o
                0x0000000041c001d0                setup_dss_qos
 .text.setup_gpu_qos
                0x0000000041c00260      0x124 arch/arm/mach-k3/j721e_init.o
                0x0000000041c00260                setup_gpu_qos
 .text.setup_encoder_qos
                0x0000000041c00384       0xb0 arch/arm/mach-k3/j721e_init.o
                0x0000000041c00384                setup_encoder_qos
 .text.setup_c66_qos
                0x0000000041c00434       0x98 arch/arm/mach-k3/j721e_init.o
                0x0000000041c00434                setup_c66_qos
 .text.setup_main_r5f_qos
                0x0000000041c004cc      0x110 arch/arm/mach-k3/j721e_init.o
                0x0000000041c004cc                setup_main_r5f_qos
 .text.spl_mmc_boot_mode
                0x0000000041c005dc       0x12 arch/arm/mach-k3/j721e_init.o
                0x0000000041c005dc                spl_mmc_boot_mode
 *fill*         0x0000000041c005ee        0x2 
 .text.spl_spi_boot_bus
                0x0000000041c005f0       0x2c arch/arm/mach-k3/j721e_init.o
                0x0000000041c005f0                spl_spi_boot_bus
 .text.spl_boot_device
                0x0000000041c0061c       0xa0 arch/arm/mach-k3/j721e_init.o
                0x0000000041c0061c                spl_boot_device
 .text.k3_mmc_stop_clock
                0x0000000041c006bc       0x24 arch/arm/mach-k3/j721e_init.o
                0x0000000041c006bc                k3_mmc_stop_clock
 .text.k3_mmc_restart_clock
                0x0000000041c006e0       0x20 arch/arm/mach-k3/j721e_init.o
                0x0000000041c006e0                k3_mmc_restart_clock
 .text.do_dt_magic
                0x0000000041c00700       0x5c arch/arm/mach-k3/j721e_init.o
                0x0000000041c00700                do_dt_magic
 .text.board_init_f
                0x0000000041c0075c      0x220 arch/arm/mach-k3/j721e_init.o
                0x0000000041c0075c                board_init_f
 .text.release_resources_for_core_shutdown
                0x0000000041c0097c       0x64 arch/arm/mach-k3/j721e_init.o
                0x0000000041c0097c                release_resources_for_core_shutdown
 .text.fit_get_data_by_name
                0x0000000041c009e0       0x24 arch/arm/mach-k3/sysfw-loader.o
 .text.k3_start_system_controller.constprop.0
                0x0000000041c00a04       0x48 arch/arm/mach-k3/sysfw-loader.o
 .text.spl_get_load_buffer
                0x0000000041c00a4c       0x28 arch/arm/mach-k3/sysfw-loader.o
                0x0000000041c00a4c                spl_get_load_buffer
 .text.spl_load_simple_fit_skip_processing
                0x0000000041c00a74       0x10 arch/arm/mach-k3/sysfw-loader.o
                0x0000000041c00a74                spl_load_simple_fit_skip_processing
 .text.k3_sysfw_loader
                0x0000000041c00a84      0x394 arch/arm/mach-k3/sysfw-loader.o
                0x0000000041c00a84                k3_sysfw_loader
 .text.get_ti_sci_handle
                0x0000000041c00e18       0x2c arch/arm/mach-k3/common.o
                0x0000000041c00e18                get_ti_sci_handle
 .text.remove_fwl_regions.isra.0
                0x0000000041c00e44       0x74 arch/arm/mach-k3/common.o
 .text.k3_sysfw_print_ver
                0x0000000041c00eb8       0x3c arch/arm/mach-k3/common.o
                0x0000000041c00eb8                k3_sysfw_print_ver
 .text.mmr_unlock
                0x0000000041c00ef4       0x28 arch/arm/mach-k3/common.o
                0x0000000041c00ef4                mmr_unlock
 .text.is_rom_loaded_sysfw
                0x0000000041c00f1c       0x24 arch/arm/mach-k3/common.o
                0x0000000041c00f1c                is_rom_loaded_sysfw
 .text.early_console_init
                0x0000000041c00f40       0x44 arch/arm/mach-k3/common.o
                0x0000000041c00f40                early_console_init
 .text.init_env
                0x0000000041c00f84       0x88 arch/arm/mach-k3/common.o
                0x0000000041c00f84                init_env
 .text.load_firmware
                0x0000000041c0100c       0x60 arch/arm/mach-k3/common.o
                0x0000000041c0100c                load_firmware
 .text.jump_to_image_no_args
                0x0000000041c0106c       0xcc arch/arm/mach-k3/common.o
                0x0000000041c0106c                jump_to_image_no_args
 .text.get_device_type
                0x0000000041c01138       0x40 arch/arm/mach-k3/common.o
                0x0000000041c01138                get_device_type
 .text.board_fit_image_post_process
                0x0000000041c01178       0xb0 arch/arm/mach-k3/common.o
                0x0000000041c01178                board_fit_image_post_process
 .text.disable_linefill_optimization
                0x0000000041c01228        0xe arch/arm/mach-k3/common.o
                0x0000000041c01228                disable_linefill_optimization
 .text.remove_fwl_configs
                0x0000000041c01236       0x2a arch/arm/mach-k3/common.o
                0x0000000041c01236                remove_fwl_configs
 .text.spl_enable_dcache
                0x0000000041c01260       0x3c arch/arm/mach-k3/common.o
                0x0000000041c01260                spl_enable_dcache
 .text.spl_board_prepare_for_boot
                0x0000000041c0129c        0x4 arch/arm/mach-k3/common.o
                0x0000000041c0129c                spl_board_prepare_for_boot
 .text.ti_secure_image_post_process
                0x0000000041c012a0       0xec arch/arm/mach-k3/security.o
                0x0000000041c012a0                ti_secure_image_post_process
 .text.invalidate_icache_all
                0x0000000041c0138c       0x14 arch/arm/cpu/armv7/cache_v7.o
                0x0000000041c0138c                invalidate_icache_all
 .text.v7_outer_cache_flush_all
                0x0000000041c013a0        0x2 arch/arm/cpu/armv7/cache_v7.o
                0x0000000041c013a0                v7_outer_cache_flush_all
 .text.flush_dcache_all
                0x0000000041c013a2        0xe arch/arm/cpu/armv7/cache_v7.o
                0x0000000041c013a2                flush_dcache_all
 .text.v7_outer_cache_flush_range
                0x0000000041c013b0        0x2 arch/arm/cpu/armv7/cache_v7.o
                0x0000000041c013b0                v7_outer_cache_flush_range
 .text.flush_dcache_range
                0x0000000041c013b2       0x38 arch/arm/cpu/armv7/cache_v7.o
                0x0000000041c013b2                flush_dcache_range
 .text.v7_outer_cache_inval_range
                0x0000000041c013ea        0x2 arch/arm/cpu/armv7/cache_v7.o
                0x0000000041c013ea                v7_outer_cache_inval_range
 .text.invalidate_dcache_range
                0x0000000041c013ec       0x42 arch/arm/cpu/armv7/cache_v7.o
                0x0000000041c013ec                invalidate_dcache_range
 *fill*         0x0000000041c0142e        0x2 
 .text          0x0000000041c01430      0x158 arch/arm/cpu/armv7/cache_v7_asm.o
                0x0000000041c01430                __v7_flush_dcache_all
                0x0000000041c014cc                v7_flush_dcache_all
                0x0000000041c014dc                __v7_invalidate_dcache_all
                0x0000000041c01578                v7_invalidate_dcache_all
 .text.disable_mpu
                0x0000000041c01588       0x1a arch/arm/cpu/armv7/mpu_v7r.o
                0x0000000041c01588                disable_mpu
 .text.enable_mpu
                0x0000000041c015a2       0x1a arch/arm/cpu/armv7/mpu_v7r.o
                0x0000000041c015a2                enable_mpu
 .text.mpu_enabled
                0x0000000041c015bc        0xa arch/arm/cpu/armv7/mpu_v7r.o
                0x0000000041c015bc                mpu_enabled
 *fill*         0x0000000041c015c6        0x2 
 .text.mpu_config
                0x0000000041c015c8       0x3c arch/arm/cpu/armv7/mpu_v7r.o
                0x0000000041c015c8                mpu_config
 .text.setup_mpu_regions
                0x0000000041c01604       0x3e arch/arm/cpu/armv7/mpu_v7r.o
                0x0000000041c01604                setup_mpu_regions
 *fill*         0x0000000041c01642        0x2 
 .text          0x0000000041c01644       0x6c arch/arm/lib/crt0.o
                0x0000000041c01644                _main
 *fill*         0x0000000041c016b0       0x10 
 .text          0x0000000041c016c0       0xa0 arch/arm/lib/memset.o
                0x0000000041c016c0                memset
 .text          0x0000000041c01760      0x2e4 arch/arm/lib/memcpy.o
                0x0000000041c01760                memcpy
 .text.flush_cache
                0x0000000041c01a44        0x6 arch/arm/lib/cache.o
                0x0000000041c01a44                flush_cache
 .text.check_cache_range
                0x0000000041c01a4a        0xe arch/arm/lib/cache.o
                0x0000000041c01a4a                check_cache_range
 .text.icache_enable
                0x0000000041c01a58       0x12 arch/arm/lib/cache-cp15.o
                0x0000000041c01a58                icache_enable
 .text.icache_disable
                0x0000000041c01a6a       0x16 arch/arm/lib/cache-cp15.o
                0x0000000041c01a6a                icache_disable
 .text.dcache_enable
                0x0000000041c01a80       0x28 arch/arm/lib/cache-cp15.o
                0x0000000041c01a80                dcache_enable
 .text.dcache_disable
                0x0000000041c01aa8       0x20 arch/arm/lib/cache-cp15.o
                0x0000000041c01aa8                dcache_disable
 .text.detect_enable_hyperflash
                0x0000000041c01ac8       0xdc board/ti/j721e/evm.o
 .text.dram_init
                0x0000000041c01ba4        0xc board/ti/j721e/evm.o
                0x0000000041c01ba4                dram_init
 .text.board_fit_config_name_match
                0x0000000041c01bb0       0xa8 board/ti/j721e/evm.o
                0x0000000041c01bb0                board_fit_config_name_match
 .text.spl_perform_fixups
                0x0000000041c01c58        0x6 board/ti/j721e/evm.o
                0x0000000041c01c58                spl_perform_fixups
 *fill*         0x0000000041c01c5e        0x2 
 .text.do_board_detect
                0x0000000041c01c60       0x48 board/ti/j721e/evm.o
                0x0000000041c01c60                do_board_detect
 .text.spl_board_init
                0x0000000041c01ca8       0x80 board/ti/j721e/evm.o
                0x0000000041c01ca8                spl_board_init
 .text.ti_eeprom_string_cleanup
                0x0000000041c01d28       0x24 board/ti/common/board_detect.o
 .text.ti_i2c_eeprom_get
                0x0000000041c01d4c       0x84 board/ti/common/board_detect.o
 .text.ti_i2c_eeprom_am6_get.part.0
                0x0000000041c01dd0      0x164 board/ti/common/board_detect.o
 .text.ti_i2c_eeprom_am6_get
                0x0000000041c01f34       0x6c board/ti/common/board_detect.o
                0x0000000041c01f34                ti_i2c_eeprom_am6_get
 .text.ti_i2c_eeprom_am6_get_base
                0x0000000041c01fa0       0x28 board/ti/common/board_detect.o
                0x0000000041c01fa0                ti_i2c_eeprom_am6_get_base
 .text.board_ti_k3_is
                0x0000000041c01fc8       0x30 board/ti/common/board_detect.o
                0x0000000041c01fc8                board_ti_k3_is
 .text.board_ti_was_eeprom_read
                0x0000000041c01ff8       0x18 board/ti/common/board_detect.o
                0x0000000041c01ff8                board_ti_was_eeprom_read
 .text.spl_get_image_pos
                0x0000000041c02010       0x1c common/spl/spl.o
                0x0000000041c02010                spl_get_image_pos
 .text.spl_board_loader_name
                0x0000000041c0202c        0x4 common/spl/spl.o
                0x0000000041c0202c                spl_board_loader_name
 .text.spl_parse_board_header
                0x0000000041c02030        0x6 common/spl/spl.o
                0x0000000041c02030                spl_parse_board_header
 .text.spl_parse_legacy_header
                0x0000000041c02036        0x6 common/spl/spl.o
                0x0000000041c02036                spl_parse_legacy_header
 .text.spl_parse_image_header
                0x0000000041c0203c       0x28 common/spl/spl.o
                0x0000000041c0203c                spl_parse_image_header
 .text.spl_set_bd
                0x0000000041c02064       0x14 common/spl/spl.o
                0x0000000041c02064                spl_set_bd
 .text.spl_early_init
                0x0000000041c02078       0x2c common/spl/spl.o
                0x0000000041c02078                spl_early_init
 .text.spl_init
                0x0000000041c020a4       0x3c common/spl/spl.o
                0x0000000041c020a4                spl_init
 .text.board_boot_order
                0x0000000041c020e0        0xc common/spl/spl.o
                0x0000000041c020e0                board_boot_order
 .text.spl_check_board_image
                0x0000000041c020ec        0x4 common/spl/spl.o
                0x0000000041c020ec                spl_check_board_image
 .text.board_init_r
                0x0000000041c020f0       0xec common/spl/spl.o
                0x0000000041c020f0                board_init_r
 .text.preloader_console_init
                0x0000000041c021dc       0x24 common/spl/spl.o
                0x0000000041c021dc                preloader_console_init
 .text.spl_relocate_stack_gd
                0x0000000041c02200       0x20 common/spl/spl.o
                0x0000000041c02200                spl_relocate_stack_gd
 .text.spl_fit_get_image_name
                0x0000000041c02220       0x44 common/spl/spl_fit.o
 .text.spl_fit_get_image_node
                0x0000000041c02264       0x30 common/spl/spl_fit.o
 .text.spl_load_fit_image
                0x0000000041c02294      0x164 common/spl/spl_fit.o
 .text.spl_fit_append_fdt
                0x0000000041c023f8       0x64 common/spl/spl_fit.o
 .text.board_spl_fit_size_align
                0x0000000041c0245c        0x2 common/spl/spl_fit.o
                0x0000000041c0245c                board_spl_fit_size_align
 *fill*         0x0000000041c0245e        0x2 
 .text.board_spl_fit_buffer_addr
                0x0000000041c02460       0x3c common/spl/spl_fit.o
                0x0000000041c02460                board_spl_fit_buffer_addr
 .text.spl_load_simple_fit_fix_load
                0x0000000041c0249c        0x2 common/spl/spl_fit.o
                0x0000000041c0249c                spl_load_simple_fit_fix_load
 *fill*         0x0000000041c0249e        0x2 
 .text.spl_load_simple_fit
                0x0000000041c024a0      0x238 common/spl/spl_fit.o
                0x0000000041c024a0                spl_load_simple_fit
 .text.spl_nor_load_read
                0x0000000041c026d8        0xe common/spl/spl_nor.o
 *fill*         0x0000000041c026e6        0x2 
 .text.spl_nor_get_uboot_base
                0x0000000041c026e8        0x8 common/spl/spl_nor.o
                0x0000000041c026e8                spl_nor_get_uboot_base
 .text.spl_nor_load_image
                0x0000000041c026f0       0x44 common/spl/spl_nor.o
 .text.ymodem_read_fit
                0x0000000041c02734       0xbc common/spl/spl_ymodem.o
 .text.getcymodem
                0x0000000041c027f0       0x16 common/spl/spl_ymodem.o
 *fill*         0x0000000041c02806        0x2 
 .text.spl_ymodem_load_image
                0x0000000041c02808       0xf4 common/spl/spl_ymodem.o
                0x0000000041c02808                spl_ymodem_load_image
 .text.spl_mmc_get_device_index
                0x0000000041c028fc       0x28 common/spl/spl_mmc.o
 .text.h_spl_load_read
                0x0000000041c02924       0x1c common/spl/spl_mmc.o
 .text.spl_mmc_get_uboot_raw_sector
                0x0000000041c02940        0x4 common/spl/spl_mmc.o
                0x0000000041c02940                spl_mmc_get_uboot_raw_sector
 .text.default_spl_mmc_emmc_boot_partition
                0x0000000041c02944       0x10 common/spl/spl_mmc.o
                0x0000000041c02944                default_spl_mmc_emmc_boot_partition
 .text.spl_mmc_emmc_boot_partition
                0x0000000041c02954        0x4 common/spl/spl_mmc.o
                0x0000000041c02954                spl_mmc_emmc_boot_partition
 .text.spl_mmc_load
                0x0000000041c02958      0x1e8 common/spl/spl_mmc.o
                0x0000000041c02958                spl_mmc_load
 .text.spl_mmc_load_image
                0x0000000041c02b40       0x1c common/spl/spl_mmc.o
                0x0000000041c02b40                spl_mmc_load_image
 .text.spl_fit_read
                0x0000000041c02b5c       0x20 common/spl/spl_fat.o
 .text.spl_load_image_fat
                0x0000000041c02b7c       0xc0 common/spl/spl_fat.o
                0x0000000041c02b7c                spl_load_image_fat
 .text.spl_load_image_ext
                0x0000000041c02c3c       0xe8 common/spl/spl_ext.o
                0x0000000041c02c3c                spl_load_image_ext
 .text.spl_dfu_cmd
                0x0000000041c02d24       0x6c common/spl/spl_dfu.o
                0x0000000041c02d24                spl_dfu_cmd
 .text.spl_spi_fit_read
                0x0000000041c02d90       0x18 common/spl/spl_spi.o
 .text.spl_spi_get_uboot_offs
                0x0000000041c02da8        0x6 common/spl/spl_spi.o
                0x0000000041c02da8                spl_spi_get_uboot_offs
 .text.spl_spi_boot_cs
                0x0000000041c02dae        0x4 common/spl/spl_spi.o
                0x0000000041c02dae                spl_spi_boot_cs
 *fill*         0x0000000041c02db2        0x2 
 .text.spl_spi_load_image
                0x0000000041c02db4       0xc0 common/spl/spl_spi.o
 .text.spl_ram_load_read
                0x0000000041c02e74       0x16 common/spl/spl_ram.o
 *fill*         0x0000000041c02e8a        0x2 
 .text.spl_ram_load_image
                0x0000000041c02e8c       0x74 common/spl/spl_ram.o
 .text.board_init_f_alloc_reserve
                0x0000000041c02f00        0xc common/init/board_init.o
                0x0000000041c02f00                board_init_f_alloc_reserve
 .text.board_init_f_init_reserve
                0x0000000041c02f0c       0x14 common/init/board_init.o
                0x0000000041c02f0c                board_init_f_init_reserve
 .text.get_table_entry_id
                0x0000000041c02f20       0x26 boot/image.o
                0x0000000041c02f20                get_table_entry_id
 *fill*         0x0000000041c02f46        0x2 
 .text.genimg_get_os_id
                0x0000000041c02f48       0x14 boot/image.o
                0x0000000041c02f48                genimg_get_os_id
 .text.fit_image_get_address
                0x0000000041c02f5c       0x48 boot/image-fit.o
 .text.fit_image_get_os
                0x0000000041c02fa4       0x28 boot/image-fit.o
                0x0000000041c02fa4                fit_image_get_os
 .text.fit_image_get_load
                0x0000000041c02fcc        0xc boot/image-fit.o
                0x0000000041c02fcc                fit_image_get_load
 .text.fit_image_get_entry
                0x0000000041c02fd8        0xc boot/image-fit.o
                0x0000000041c02fd8                fit_image_get_entry
 .text.fit_image_get_data
                0x0000000041c02fe4       0x28 boot/image-fit.o
                0x0000000041c02fe4                fit_image_get_data
 .text.fit_image_get_data_offset
                0x0000000041c0300c       0x24 boot/image-fit.o
                0x0000000041c0300c                fit_image_get_data_offset
 .text.fit_image_get_data_position
                0x0000000041c03030       0x24 boot/image-fit.o
                0x0000000041c03030                fit_image_get_data_position
 .text.fit_image_get_data_size
                0x0000000041c03054       0x24 boot/image-fit.o
                0x0000000041c03054                fit_image_get_data_size
 .text.locate_dtb_in_fit
                0x0000000041c03078       0x8c boot/boot_fit.o
                0x0000000041c03078                locate_dtb_in_fit
 .text.fdt_getprop_u32
                0x0000000041c03104       0x20 boot/common_fit.o
                0x0000000041c03104                fdt_getprop_u32
 .text.fit_find_config_node
                0x0000000041c03124       0xa0 boot/common_fit.o
                0x0000000041c03124                fit_find_config_node
 .text.run_usb_dnl_gadget
                0x0000000041c031c4       0xcc common/dfu.o
                0x0000000041c031c4                run_usb_dnl_gadget
 .text.of_bus_default_map
                0x0000000041c03290       0x7a common/fdt_support.o
 .text.of_bus_default_translate
                0x0000000041c0330a       0x66 common/fdt_support.o
 .text.fdt_support_default_count_cells
                0x0000000041c03370       0x34 common/fdt_support.o
                0x0000000041c03370                fdt_support_default_count_cells
 .text.__of_translate_address
                0x0000000041c033a4      0x178 common/fdt_support.o
 .text.fdt_getprop_u32_default_node
                0x0000000041c0351c       0x24 common/fdt_support.o
                0x0000000041c0351c                fdt_getprop_u32_default_node
 .text.fdt_find_or_add_subnode
                0x0000000041c03540       0x40 common/fdt_support.o
                0x0000000041c03540                fdt_find_or_add_subnode
 .text.do_fixup_by_compat
                0x0000000041c03580       0x50 common/fdt_support.o
                0x0000000041c03580                do_fixup_by_compat
 .text.fdt_record_loadable
                0x0000000041c035d0      0x114 common/fdt_support.o
                0x0000000041c035d0                fdt_record_loadable
 .text.fdt_shrink_to_minimum
                0x0000000041c036e4       0x8e common/fdt_support.o
                0x0000000041c036e4                fdt_shrink_to_minimum
 *fill*         0x0000000041c03772        0x2 
 .text.fdt_translate_address
                0x0000000041c03774        0xc common/fdt_support.o
                0x0000000041c03774                fdt_translate_address
 .text.console_puts_select.part.0
                0x0000000041c03780       0x10 common/console.o
 .text.fgetc.part.0
                0x0000000041c03790       0x24 common/console.o
 .text.getchar  0x0000000041c037b4       0x1a common/console.o
                0x0000000041c037b4                getchar
 *fill*         0x0000000041c037ce        0x2 
 .text.putc     0x0000000041c037d0       0x28 common/console.o
                0x0000000041c037d0                putc
 .text.puts     0x0000000041c037f8       0x22 common/console.o
                0x0000000041c037f8                puts
 *fill*         0x0000000041c0381a        0x2 
 .text.fflush.part.0
                0x0000000041c0381c       0x14 common/console.o
 .text.flush    0x0000000041c03830       0x20 common/console.o
                0x0000000041c03830                flush
 .text.ftstc    0x0000000041c03850       0x18 common/console.o
                0x0000000041c03850                ftstc
 .text.tstc     0x0000000041c03868       0x1a common/console.o
                0x0000000041c03868                tstc
 *fill*         0x0000000041c03882        0x2 
 .text.ctrlc    0x0000000041c03884       0x34 common/console.o
                0x0000000041c03884                ctrlc
 .text.sbrk     0x0000000041c038b8       0x40 common/dlmalloc.o
                0x0000000041c038b8                sbrk
 .text.mem_malloc_init
                0x0000000041c038f8       0x1c common/dlmalloc.o
                0x0000000041c038f8                mem_malloc_init
 .text.malloc_trim
                0x0000000041c03914       0x84 common/dlmalloc.o
                0x0000000041c03914                malloc_trim
 .text.free     0x0000000041c03998      0x168 common/dlmalloc.o
                0x0000000041c03998                free
 .text.malloc   0x0000000041c03b00      0x424 common/dlmalloc.o
                0x0000000041c03b00                malloc
 .text.calloc   0x0000000041c03f24       0x7a common/dlmalloc.o
                0x0000000041c03f24                calloc
 .text.memalign
                0x0000000041c03f9e      0x110 common/dlmalloc.o
                0x0000000041c03f9e                memalign
 *fill*         0x0000000041c040ae        0x2 
 .text.alloc_simple
                0x0000000041c040b0       0x40 common/malloc_simple.o
 .text.malloc_simple
                0x0000000041c040f0        0x6 common/malloc_simple.o
                0x0000000041c040f0                malloc_simple
 .text.memalign_simple
                0x0000000041c040f6        0xa common/malloc_simple.o
                0x0000000041c040f6                memalign_simple
 .text.hash_finish_crc32
                0x0000000041c04100       0x1c common/hash.o
 .text.hash_finish_crc16_ccitt
                0x0000000041c0411c       0x1c common/hash.o
 .text.hash_update_crc32
                0x0000000041c04138       0x14 common/hash.o
 .text.hash_init_crc32
                0x0000000041c0414c       0x14 common/hash.o
 .text.hash_init_crc16_ccitt
                0x0000000041c04160       0x14 common/hash.o
 .text.hash_update_crc16_ccitt
                0x0000000041c04174       0x14 common/hash.o
 .text.hash_finish_sha256
                0x0000000041c04188       0x22 common/hash.o
 .text.hash_update_sha256
                0x0000000041c041aa       0x10 common/hash.o
 .text.hash_init_sha256
                0x0000000041c041ba       0x16 common/hash.o
 .text.hash_finish_sha1
                0x0000000041c041d0       0x22 common/hash.o
 .text.hash_update_sha1
                0x0000000041c041f2       0x10 common/hash.o
 .text.hash_init_sha1
                0x0000000041c04202       0x16 common/hash.o
 .text.hash_lookup_algo
                0x0000000041c04218       0x38 common/hash.o
                0x0000000041c04218                hash_lookup_algo
 .text.get_effective_memsize
                0x0000000041c04250        0x6 common/memsize.o
                0x0000000041c04250                get_effective_memsize
 .text.CYGACC_COMM_IF_GETC_TIMEOUT.isra.0
                0x0000000041c04256       0x2e common/xyzModem.o
 .text.xyzModem_flush
                0x0000000041c04284       0x14 common/xyzModem.o
 .text.xyzModem_get_hdr
                0x0000000041c04298      0x174 common/xyzModem.o
 .text.xyzModem_stream_open
                0x0000000041c0440c      0x1d0 common/xyzModem.o
                0x0000000041c0440c                xyzModem_stream_open
 .text.xyzModem_stream_read
                0x0000000041c045dc      0x204 common/xyzModem.o
                0x0000000041c045dc                xyzModem_stream_read
 .text.xyzModem_stream_close
                0x0000000041c047e0        0x2 common/xyzModem.o
                0x0000000041c047e0                xyzModem_stream_close
 *fill*         0x0000000041c047e2        0x2 
 .text.xyzModem_stream_terminate
                0x0000000041c047e4       0x68 common/xyzModem.o
                0x0000000041c047e4                xyzModem_stream_terminate
 .text.xyzModem_error
                0x0000000041c0484c       0x18 common/xyzModem.o
                0x0000000041c0484c                xyzModem_error
 .text._do_env_set.isra.0.constprop.0
                0x0000000041c04864      0x10c cmd/nvedit.o
 .text.env_set  0x0000000041c04970       0x38 cmd/nvedit.o
                0x0000000041c04970                env_set
 .text.env_get_from_linear
                0x0000000041c049a8       0x94 env/common.o
 .text.env_get_f
                0x0000000041c04a3c       0x24 env/common.o
                0x0000000041c04a3c                env_get_f
 .text.env_get  0x0000000041c04a60       0x4c env/common.o
                0x0000000041c04a60                env_get
 .text.env_get_hex
                0x0000000041c04aac       0x1e env/common.o
                0x0000000041c04aac                env_get_hex
 *fill*         0x0000000041c04aca        0x2 
 .text.env_get_default
                0x0000000041c04acc       0x20 env/common.o
                0x0000000041c04acc                env_get_default
 .text.env_set_default
                0x0000000041c04aec       0x74 env/common.o
                0x0000000041c04aec                env_set_default
 .text.env_relocate
                0x0000000041c04b60       0x10 env/common.o
                0x0000000041c04b60                env_relocate
 .text.arch_env_get_location
                0x0000000041c04b70        0xa env/env.o
                0x0000000041c04b70                arch_env_get_location
 .text.env_get_location
                0x0000000041c04b7a        0x4 env/env.o
                0x0000000041c04b7a                env_get_location
 *fill*         0x0000000041c04b7e        0x2 
 .text.env_driver_lookup
                0x0000000041c04b80       0x30 env/env.o
 .text.env_load
                0x0000000041c04bb0       0x68 env/env.o
                0x0000000041c04bb0                env_load
 .text.env_init
                0x0000000041c04c18       0x78 env/env.o
                0x0000000041c04c18                env_init
 .text.regex_callback
                0x0000000041c04c90       0xd8 env/attr.o
 .text.env_attr_walk
                0x0000000041c04d68       0xb2 env/attr.o
                0x0000000041c04d68                env_attr_walk
 *fill*         0x0000000041c04e1a        0x2 
 .text.env_attr_lookup
                0x0000000041c04e1c       0x4c env/attr.o
                0x0000000041c04e1c                env_attr_lookup
 .text.skip_num
                0x0000000041c04e68       0x3c env/flags.o
 .text.env_flags_parse_vartype
                0x0000000041c04ea4       0x30 env/flags.o
                0x0000000041c04ea4                env_flags_parse_vartype
 .text.env_flags_parse_varaccess
                0x0000000041c04ed4       0x30 env/flags.o
                0x0000000041c04ed4                env_flags_parse_varaccess
 .text.eth_validate_ethaddr_str
                0x0000000041c04f04       0x52 env/flags.o
                0x0000000041c04f04                eth_validate_ethaddr_str
 *fill*         0x0000000041c04f56        0x2 
 .text.env_flags_init
                0x0000000041c04f58       0x90 env/flags.o
                0x0000000041c04f58                env_flags_init
 .text.env_flags_validate
                0x0000000041c04fe8      0x188 env/flags.o
                0x0000000041c04fe8                env_flags_validate
 .text.env_nowhere_init
                0x0000000041c05170        0x8 env/nowhere.o
 .text.env_nowhere_load
                0x0000000041c05178        0x8 env/nowhere.o
 .text.sha1_starts
                0x0000000041c05180       0x34 lib/sha1.o
                0x0000000041c05180                sha1_starts
 .text.sha1_process
                0x0000000041c051b4     0x1074 lib/sha1.o
                0x0000000041c051b4                sha1_process
 .text.sha1_update.part.0
                0x0000000041c06228       0x6e lib/sha1.o
 .text.sha1_update
                0x0000000041c06296        0x8 lib/sha1.o
                0x0000000041c06296                sha1_update
 *fill*         0x0000000041c0629e        0x2 
 .text.sha1_finish
                0x0000000041c062a0       0xa0 lib/sha1.o
                0x0000000041c062a0                sha1_finish
 .text.sha1_csum_wd
                0x0000000041c06340       0x24 lib/sha1.o
                0x0000000041c06340                sha1_csum_wd
 .text.sha256_starts
                0x0000000041c06364       0x50 lib/sha256.o
                0x0000000041c06364                sha256_starts
 .text.sha256_process
                0x0000000041c063b4     0x1d18 lib/sha256.o
                0x0000000041c063b4                sha256_process
 .text.sha256_update.part.0
                0x0000000041c080cc       0x6e lib/sha256.o
 .text.sha256_update
                0x0000000041c0813a        0x8 lib/sha256.o
                0x0000000041c0813a                sha256_update
 *fill*         0x0000000041c08142        0x2 
 .text.sha256_finish
                0x0000000041c08144       0xd8 lib/sha256.o
                0x0000000041c08144                sha256_finish
 .text.sha256_csum_wd
                0x0000000041c0821c       0x24 lib/sha256.o
                0x0000000041c0821c                sha256_csum_wd
 .text.rational_best_approximation
                0x0000000041c08240       0x70 lib/rational.o
                0x0000000041c08240                rational_best_approximation
 .text.fdt_check_header
                0x0000000041c082b0       0x14 lib/libfdt/fdt.o
                0x0000000041c082b0                fdt_check_header
 .text.fdt_offset_ptr
                0x0000000041c082c4       0x20 lib/libfdt/fdt.o
                0x0000000041c082c4                fdt_offset_ptr
 .text.fdt_next_tag
                0x0000000041c082e4       0x70 lib/libfdt/fdt.o
                0x0000000041c082e4                fdt_next_tag
 .text.fdt_check_node_offset_
                0x0000000041c08354       0x24 lib/libfdt/fdt.o
                0x0000000041c08354                fdt_check_node_offset_
 .text.fdt_check_prop_offset_
                0x0000000041c08378       0x24 lib/libfdt/fdt.o
                0x0000000041c08378                fdt_check_prop_offset_
 .text.fdt_next_node
                0x0000000041c0839c       0x6e lib/libfdt/fdt.o
                0x0000000041c0839c                fdt_next_node
 .text.fdt_first_subnode
                0x0000000041c0840a       0x26 lib/libfdt/fdt.o
                0x0000000041c0840a                fdt_first_subnode
 .text.fdt_next_subnode
                0x0000000041c08430       0x2a lib/libfdt/fdt.o
                0x0000000041c08430                fdt_next_subnode
 .text.fdt_find_string_
                0x0000000041c0845a       0x30 lib/libfdt/fdt.o
                0x0000000041c0845a                fdt_find_string_
 .text.fdt_mem_rsv
                0x0000000041c0848a        0xc lib/libfdt/fdt_ro.o
 .text.fdt_get_property_by_offset_
                0x0000000041c08496       0x12 lib/libfdt/fdt_ro.o
 .text.nextprop_
                0x0000000041c084a8       0x32 lib/libfdt/fdt_ro.o
 .text.fdt_supernode_atdepth_offset.part.0
                0x0000000041c084da       0x48 lib/libfdt/fdt_ro.o
 .text.fdt_get_string
                0x0000000041c08522       0x1a lib/libfdt/fdt_ro.o
                0x0000000041c08522                fdt_get_string
 .text.fdt_string
                0x0000000041c0853c        0x6 lib/libfdt/fdt_ro.o
                0x0000000041c0853c                fdt_string
 .text.fdt_get_mem_rsv
                0x0000000041c08542       0x24 lib/libfdt/fdt_ro.o
                0x0000000041c08542                fdt_get_mem_rsv
 .text.fdt_num_mem_rsv
                0x0000000041c08566       0x28 lib/libfdt/fdt_ro.o
                0x0000000041c08566                fdt_num_mem_rsv
 .text.fdt_get_name
                0x0000000041c0858e       0x1c lib/libfdt/fdt_ro.o
                0x0000000041c0858e                fdt_get_name
 .text.fdt_subnode_offset_namelen
                0x0000000041c085aa       0x72 lib/libfdt/fdt_ro.o
                0x0000000041c085aa                fdt_subnode_offset_namelen
 .text.fdt_subnode_offset
                0x0000000041c0861c       0x1e lib/libfdt/fdt_ro.o
                0x0000000041c0861c                fdt_subnode_offset
 .text.fdt_first_property_offset
                0x0000000041c0863a       0x18 lib/libfdt/fdt_ro.o
                0x0000000041c0863a                fdt_first_property_offset
 .text.fdt_next_property_offset
                0x0000000041c08652       0x18 lib/libfdt/fdt_ro.o
                0x0000000041c08652                fdt_next_property_offset
 .text.fdt_get_property_namelen_
                0x0000000041c0866a       0x6e lib/libfdt/fdt_ro.o
 .text.fdt_get_property_namelen
                0x0000000041c086d8       0x12 lib/libfdt/fdt_ro.o
                0x0000000041c086d8                fdt_get_property_namelen
 .text.fdt_get_property
                0x0000000041c086ea       0x22 lib/libfdt/fdt_ro.o
                0x0000000041c086ea                fdt_get_property
 .text.fdt_getprop_namelen
                0x0000000041c0870c       0x16 lib/libfdt/fdt_ro.o
                0x0000000041c0870c                fdt_getprop_namelen
 .text.fdt_getprop_by_offset
                0x0000000041c08722       0x24 lib/libfdt/fdt_ro.o
                0x0000000041c08722                fdt_getprop_by_offset
 .text.fdt_getprop
                0x0000000041c08746       0x22 lib/libfdt/fdt_ro.o
                0x0000000041c08746                fdt_getprop
 .text.fdt_get_phandle
                0x0000000041c08768       0x40 lib/libfdt/fdt_ro.o
                0x0000000041c08768                fdt_get_phandle
 .text.fdt_get_alias_namelen
                0x0000000041c087a8       0x2c lib/libfdt/fdt_ro.o
                0x0000000041c087a8                fdt_get_alias_namelen
 .text.fdt_path_offset_namelen
                0x0000000041c087d4       0x8a lib/libfdt/fdt_ro.o
                0x0000000041c087d4                fdt_path_offset_namelen
 .text.fdt_path_offset
                0x0000000041c0885e       0x1a lib/libfdt/fdt_ro.o
                0x0000000041c0885e                fdt_path_offset
 .text.fdt_supernode_atdepth_offset
                0x0000000041c08878        0xe lib/libfdt/fdt_ro.o
                0x0000000041c08878                fdt_supernode_atdepth_offset
 .text.fdt_node_depth
                0x0000000041c08886       0x14 lib/libfdt/fdt_ro.o
                0x0000000041c08886                fdt_node_depth
 .text.fdt_parent_offset
                0x0000000041c0889a       0x20 lib/libfdt/fdt_ro.o
                0x0000000041c0889a                fdt_parent_offset
 .text.fdt_node_offset_by_prop_value
                0x0000000041c088ba       0x4c lib/libfdt/fdt_ro.o
                0x0000000041c088ba                fdt_node_offset_by_prop_value
 .text.fdt_node_offset_by_phandle
                0x0000000041c08906       0x3a lib/libfdt/fdt_ro.o
                0x0000000041c08906                fdt_node_offset_by_phandle
 .text.fdt_stringlist_contains
                0x0000000041c08940       0x46 lib/libfdt/fdt_ro.o
                0x0000000041c08940                fdt_stringlist_contains
 .text.fdt_stringlist_search
                0x0000000041c08986       0x66 lib/libfdt/fdt_ro.o
                0x0000000041c08986                fdt_stringlist_search
 .text.fdt_node_check_compatible
                0x0000000041c089ec       0x28 lib/libfdt/fdt_ro.o
                0x0000000041c089ec                fdt_node_check_compatible
 .text.fdt_node_offset_by_compatible
                0x0000000041c08a14       0x34 lib/libfdt/fdt_ro.o
                0x0000000041c08a14                fdt_node_offset_by_compatible
 .text.fdt_strerror
                0x0000000041c08a48       0x3c lib/libfdt/fdt_strerror.o
                0x0000000041c08a48                fdt_strerror
 .text.fdt_splice_
                0x0000000041c08a84       0x4a lib/libfdt/fdt_rw.o
 .text.fdt_splice_mem_rsv_
                0x0000000041c08ace       0x2e lib/libfdt/fdt_rw.o
 .text.fdt_splice_struct_
                0x0000000041c08afc       0x26 lib/libfdt/fdt_rw.o
 .text.fdt_add_property_
                0x0000000041c08b22       0xc0 lib/libfdt/fdt_rw.o
 .text.fdt_add_mem_rsv
                0x0000000041c08be2       0x46 lib/libfdt/fdt_rw.o
                0x0000000041c08be2                fdt_add_mem_rsv
 .text.fdt_del_mem_rsv
                0x0000000041c08c28       0x2e lib/libfdt/fdt_rw.o
                0x0000000041c08c28                fdt_del_mem_rsv
 .text.fdt_setprop_placeholder
                0x0000000041c08c56       0x62 lib/libfdt/fdt_rw.o
                0x0000000041c08c56                fdt_setprop_placeholder
 .text.fdt_setprop
                0x0000000041c08cb8       0x26 lib/libfdt/fdt_rw.o
                0x0000000041c08cb8                fdt_setprop
 .text.fdt_add_subnode_namelen
                0x0000000041c08cde       0x88 lib/libfdt/fdt_rw.o
                0x0000000041c08cde                fdt_add_subnode_namelen
 .text.fdt_add_subnode
                0x0000000041c08d66       0x1e lib/libfdt/fdt_rw.o
                0x0000000041c08d66                fdt_add_subnode
 .text.fdt_cells
                0x0000000041c08d84       0x2a lib/libfdt/fdt_addresses.o
 *fill*         0x0000000041c08dae        0x2 
 .text.fdt_address_cells
                0x0000000041c08db0       0x1c lib/libfdt/fdt_addresses.o
                0x0000000041c08db0                fdt_address_cells
 .text.fdt_size_cells
                0x0000000041c08dcc       0x18 lib/libfdt/fdt_addresses.o
                0x0000000041c08dcc                fdt_size_cells
 .text.fdtdec_get_int
                0x0000000041c08de4       0x1c lib/fdtdec_common.o
                0x0000000041c08de4                fdtdec_get_int
 .text.get_prop_check_min_len
                0x0000000041c08e00       0x26 lib/fdtdec.o
 *fill*         0x0000000041c08e26        0x2 
 .text.fdtdec_prepare_fdt
                0x0000000041c08e28       0x24 lib/fdtdec.o
 .text.fdtdec_get_is_enabled
                0x0000000041c08e4c       0x28 lib/fdtdec.o
                0x0000000041c08e4c                fdtdec_get_is_enabled
 .text.fdtdec_get_alias_seq
                0x0000000041c08e74       0xac lib/fdtdec.o
                0x0000000041c08e74                fdtdec_get_alias_seq
 .text.fdtdec_get_alias_highest_id
                0x0000000041c08f20       0x78 lib/fdtdec.o
                0x0000000041c08f20                fdtdec_get_alias_highest_id
 .text.fdtdec_get_chosen_prop
                0x0000000041c08f98       0x24 lib/fdtdec.o
                0x0000000041c08f98                fdtdec_get_chosen_prop
 .text.fdtdec_get_int_array
                0x0000000041c08fbc       0x36 lib/fdtdec.o
                0x0000000041c08fbc                fdtdec_get_int_array
 .text.fdtdec_parse_phandle_with_args
                0x0000000041c08ff2       0xca lib/fdtdec.o
                0x0000000041c08ff2                fdtdec_parse_phandle_with_args
 .text.fdtdec_get_number
                0x0000000041c090bc       0x1a lib/fdtdec.o
                0x0000000041c090bc                fdtdec_get_number
 .text.fdtdec_get_addr_size_fixed
                0x0000000041c090d6       0x6c lib/fdtdec.o
                0x0000000041c090d6                fdtdec_get_addr_size_fixed
 .text.fdtdec_get_addr_size_auto_parent
                0x0000000041c09142       0x46 lib/fdtdec.o
                0x0000000041c09142                fdtdec_get_addr_size_auto_parent
 .text.fdtdec_get_addr_size_auto_noparent
                0x0000000041c09188       0x34 lib/fdtdec.o
                0x0000000041c09188                fdtdec_get_addr_size_auto_noparent
 .text.fdt_get_resource
                0x0000000041c091bc       0x98 lib/fdtdec.o
                0x0000000041c091bc                fdt_get_resource
 .text.get_next_memory_node
                0x0000000041c09254       0x30 lib/fdtdec.o
                0x0000000041c09254                get_next_memory_node
 .text.fdtdec_setup_mem_size_base_lowest
                0x0000000041c09284       0x70 lib/fdtdec.o
                0x0000000041c09284                fdtdec_setup_mem_size_base_lowest
 .text.fdtdec_board_setup
                0x0000000041c092f4        0x4 lib/fdtdec.o
                0x0000000041c092f4                fdtdec_board_setup
 .text.fdtdec_setup
                0x0000000041c092f8       0x50 lib/fdtdec.o
                0x0000000041c092f8                fdtdec_setup
 .text.fdtdec_resetup
                0x0000000041c09348       0x30 lib/fdtdec.o
                0x0000000041c09348                fdtdec_resetup
 .text.crc16_ccitt
                0x0000000041c09378       0x24 lib/crc16-ccitt.o
                0x0000000041c09378                crc16_ccitt
 .text.crc16_ccitt_wd_buf
                0x0000000041c0939c       0x24 lib/crc16-ccitt.o
                0x0000000041c0939c                crc16_ccitt_wd_buf
 .text.qsort    0x0000000041c093c0       0x8a lib/qsort.o
                0x0000000041c093c0                qsort
 .text.drop_var_from_set.part.0
                0x0000000041c0944a       0x30 lib/hashtable.o
 *fill*         0x0000000041c0947a        0x2 
 .text.hcreate_r
                0x0000000041c0947c       0x5c lib/hashtable.o
                0x0000000041c0947c                hcreate_r
 .text.hdestroy_r
                0x0000000041c094d8       0x44 lib/hashtable.o
                0x0000000041c094d8                hdestroy_r
 .text.hsearch_r
                0x0000000041c0951c      0x24c lib/hashtable.o
                0x0000000041c0951c                hsearch_r
 .text.hdelete_r
                0x0000000041c09768       0x80 lib/hashtable.o
                0x0000000041c09768                hdelete_r
 .text.himport_r
                0x0000000041c097e8      0x270 lib/hashtable.o
                0x0000000041c097e8                himport_r
 .text.crc32_no_comp
                0x0000000041c09a58       0x8c lib/crc32.o
                0x0000000041c09a58                crc32_no_comp
 .text.crc32    0x0000000041c09ae4        0xc lib/crc32.o
                0x0000000041c09ae4                crc32
 .text.crc32_wd_buf
                0x0000000041c09af0       0x22 lib/crc32.o
                0x0000000041c09af0                crc32_wd_buf
 .text.__div64_32
                0x0000000041c09b12       0x8c lib/div64.o
                0x0000000041c09b12                __div64_32
 *fill*         0x0000000041c09b9e        0x2 
 .text.hang     0x0000000041c09ba0       0x10 lib/hang.o
                0x0000000041c09ba0                hang
 .text.kmalloc  0x0000000041c09bb0       0x28 lib/linux_compat.o
                0x0000000041c09bb0                kmalloc
 .text.skip_spaces
                0x0000000041c09bd8       0x18 lib/linux_string.o
                0x0000000041c09bd8                skip_spaces
 .text.strim    0x0000000041c09bf0       0x34 lib/linux_string.o
                0x0000000041c09bf0                strim
 .text.emit     0x0000000041c09c24       0x20 lib/slre.o
 .text.store_char_in_data
                0x0000000041c09c44       0x24 lib/slre.o
 .text.get_escape_char
                0x0000000041c09c68       0x54 lib/slre.o
 .text.relocate
                0x0000000041c09cbc       0x2a lib/slre.o
 *fill*         0x0000000041c09ce6        0x2 
 .text.match    0x0000000041c09ce8      0x268 lib/slre.o
 .text.loop_greedy
                0x0000000041c09f50       0x56 lib/slre.o
 .text.loop_non_greedy
                0x0000000041c09fa6       0x52 lib/slre.o
 .text.quantifier
                0x0000000041c09ff8       0x5c lib/slre.o
 .text.fixup_branch
                0x0000000041c0a054       0x28 lib/slre.o
 .text.compile  0x0000000041c0a07c      0x240 lib/slre.o
 .text.slre_compile
                0x0000000041c0a2bc       0x8c lib/slre.o
                0x0000000041c0a2bc                slre_compile
 .text.slre_match
                0x0000000041c0a348       0x5a lib/slre.o
                0x0000000041c0a348                slre_match
 *fill*         0x0000000041c0a3a2        0x2 
 .text.strncasecmp
                0x0000000041c0a3a4       0x48 lib/string.o
                0x0000000041c0a3a4                strncasecmp
 .text.strcasecmp
                0x0000000041c0a3ec        0x8 lib/string.o
                0x0000000041c0a3ec                strcasecmp
 .text.strcpy   0x0000000041c0a3f4       0x10 lib/string.o
                0x0000000041c0a3f4                strcpy
 .text.strncpy  0x0000000041c0a404       0x18 lib/string.o
                0x0000000041c0a404                strncpy
 .text.strcmp   0x0000000041c0a41c       0x16 lib/string.o
                0x0000000041c0a41c                strcmp
 .text.strncmp  0x0000000041c0a432       0x20 lib/string.o
                0x0000000041c0a432                strncmp
 .text.strchr   0x0000000041c0a452       0x1a lib/string.o
                0x0000000041c0a452                strchr
 .text.strlen   0x0000000041c0a46c       0x10 lib/string.o
                0x0000000041c0a46c                strlen
 .text.strlcpy  0x0000000041c0a47c       0x2e lib/string.o
                0x0000000041c0a47c                strlcpy
 .text.strrchr  0x0000000041c0a4aa       0x20 lib/string.o
                0x0000000041c0a4aa                strrchr
 .text.strnlen  0x0000000041c0a4ca       0x1a lib/string.o
                0x0000000041c0a4ca                strnlen
 .text.strdup   0x0000000041c0a4e4       0x22 lib/string.o
                0x0000000041c0a4e4                strdup
 .text.strpbrk  0x0000000041c0a506       0x22 lib/string.o
                0x0000000041c0a506                strpbrk
 .text.strsep   0x0000000041c0a528       0x1c lib/string.o
                0x0000000041c0a528                strsep
 .text.memmove  0x0000000041c0a544       0x2a lib/string.o
                0x0000000041c0a544                memmove
 .text.memcmp   0x0000000041c0a56e       0x1c lib/string.o
                0x0000000041c0a56e                memcmp
 .text.memchr   0x0000000041c0a58a       0x1c lib/string.o
                0x0000000041c0a58a                memchr
 .text.get_tbclk
                0x0000000041c0a5a6       0x1c lib/time.o
                0x0000000041c0a5a6                get_tbclk
 .text.tick_to_time
                0x0000000041c0a5c2       0x46 lib/time.o
 .text.get_ticks
                0x0000000041c0a608       0x3c lib/time.o
                0x0000000041c0a608                get_ticks
 .text.timer_init
                0x0000000041c0a644        0x4 lib/time.o
                0x0000000041c0a644                timer_init
 .text.get_timer
                0x0000000041c0a648       0x10 lib/time.o
                0x0000000041c0a648                get_timer
 .text.timer_get_us
                0x0000000041c0a658       0x1a lib/time.o
                0x0000000041c0a658                timer_get_us
 *fill*         0x0000000041c0a672        0x2 
 .text.usec_to_tick
                0x0000000041c0a674       0x68 lib/time.o
                0x0000000041c0a674                usec_to_tick
 .text.__udelay
                0x0000000041c0a6dc       0x30 lib/time.o
                0x0000000041c0a6dc                __udelay
 .text.udelay   0x0000000041c0a70c       0x20 lib/time.o
                0x0000000041c0a70c                udelay
 .text.uuid_bin_to_str
                0x0000000041c0a72c       0x84 lib/uuid.o
                0x0000000041c0a72c                uuid_bin_to_str
 .text.panic_finish
                0x0000000041c0a7b0       0x1a lib/panic.o
 .text.panic_str
                0x0000000041c0a7ca        0xa lib/panic.o
                0x0000000041c0a7ca                panic_str
 .text.panic    0x0000000041c0a7d4       0x14 lib/panic.o
                0x0000000041c0a7d4                panic
 .text.__assert_fail
                0x0000000041c0a7e8       0x10 lib/panic.o
                0x0000000041c0a7e8                __assert_fail
 .text.putc_outstr
                0x0000000041c0a7f8        0xa lib/tiny-printf.o
 .text.putc_normal
                0x0000000041c0a802        0x6 lib/tiny-printf.o
 .text.div_out  0x0000000041c0a808       0x32 lib/tiny-printf.o
 *fill*         0x0000000041c0a83a        0x2 
 .text._vprintf
                0x0000000041c0a83c      0x1d0 lib/tiny-printf.o
 .text.vprintf  0x0000000041c0aa0c       0x1c lib/tiny-printf.o
                0x0000000041c0aa0c                vprintf
 .text.printf   0x0000000041c0aa28       0x24 lib/tiny-printf.o
                0x0000000041c0aa28                printf
 .text.sprintf  0x0000000041c0aa4c       0x2c lib/tiny-printf.o
                0x0000000041c0aa4c                sprintf
 .text.snprintf
                0x0000000041c0aa78       0x2c lib/tiny-printf.o
                0x0000000041c0aa78                snprintf
 .text._parse_integer_fixup_radix
                0x0000000041c0aaa4       0x38 lib/strto.o
 .text.decode_digit
                0x0000000041c0aadc       0x2c lib/strto.o
 .text.simple_strtoul
                0x0000000041c0ab08       0x30 lib/strto.o
                0x0000000041c0ab08                simple_strtoul
 .text.hextoul  0x0000000041c0ab38        0x6 lib/strto.o
                0x0000000041c0ab38                hextoul
 .text.dectoul  0x0000000041c0ab3e        0x6 lib/strto.o
                0x0000000041c0ab3e                dectoul
 .text.strict_strtoul
                0x0000000041c0ab44       0x42 lib/strto.o
                0x0000000041c0ab44                strict_strtoul
 .text.simple_strtol
                0x0000000041c0ab86       0x1a lib/strto.o
                0x0000000041c0ab86                simple_strtol
 .text.trailing_strtoln_end
                0x0000000041c0aba0       0x50 lib/strto.o
                0x0000000041c0aba0                trailing_strtoln_end
 .text.trailing_strtoln
                0x0000000041c0abf0        0x6 lib/strto.o
                0x0000000041c0abf0                trailing_strtoln
 .text.trailing_strtol
                0x0000000041c0abf6        0x6 lib/strto.o
                0x0000000041c0abf6                trailing_strtol
 .text.load_elf64_image_phdr
                0x0000000041c0abfc       0x78 lib/elf.o
                0x0000000041c0abfc                load_elf64_image_phdr
 .text.load_elf_image_phdr
                0x0000000041c0ac74       0x62 lib/elf.o
                0x0000000041c0ac74                load_elf_image_phdr
 *fill*         0x0000000041c0acd6        0x2 
 .text.valid_elf_image
                0x0000000041c0acd8       0x30 lib/elf.o
                0x0000000041c0acd8                valid_elf_image
 .text.part_driver_lookup_type
                0x0000000041c0ad08       0x44 disk/part.o
 .text.part_init
                0x0000000041c0ad4c       0x2c disk/part.o
                0x0000000041c0ad4c                part_init
 .text.part_get_info
                0x0000000041c0ad78       0x36 disk/part.o
                0x0000000041c0ad78                part_get_info
 *fill*         0x0000000041c0adae        0x2 
 .text.part_get_info_whole_disk
                0x0000000041c0adb0       0x38 disk/part.o
                0x0000000041c0adb0                part_get_info_whole_disk
 .text.blk_get_device_by_str
                0x0000000041c0ade8       0xbc disk/part.o
                0x0000000041c0ade8                blk_get_device_by_str
 .text.blk_get_device_part_str
                0x0000000041c0aea4      0x270 disk/part.o
                0x0000000041c0aea4                blk_get_device_part_str
 .text.part_get_info_by_name_type
                0x0000000041c0b114       0x54 disk/part.o
                0x0000000041c0b114                part_get_info_by_name_type
 .text.part_get_info_by_name
                0x0000000041c0b168        0x8 disk/part.o
                0x0000000041c0b168                part_get_info_by_name
 .text.part_get_info_by_dev_and_name_or_num
                0x0000000041c0b170       0x8c disk/part.o
                0x0000000041c0b170                part_get_info_by_dev_and_name_or_num
 .text.part_set_generic_name
                0x0000000041c0b1fc       0x68 disk/part.o
                0x0000000041c0b1fc                part_set_generic_name
 .text.part_blk_erase
                0x0000000041c0b264       0x4e disk/disk-uclass.o
 .text.part_blk_write
                0x0000000041c0b2b2       0x54 disk/disk-uclass.o
 .text.part_blk_read
                0x0000000041c0b306       0x54 disk/disk-uclass.o
 *fill*         0x0000000041c0b35a        0x2 
 .text.part_create_block_devices
                0x0000000041c0b35c       0x7c disk/disk-uclass.o
                0x0000000041c0b35c                part_create_block_devices
 .text.test_block_type
                0x0000000041c0b3d8       0x78 disk/part_dos.o
 .text.part_test_dos
                0x0000000041c0b450       0x40 disk/part_dos.o
 .text.part_get_info_extended
                0x0000000041c0b490      0x19c disk/part_dos.o
 .text.part_get_info_dos
                0x0000000041c0b62c       0x1a disk/part_dos.o
 *fill*         0x0000000041c0b646        0x2 
 .text.print_efiname
                0x0000000041c0b648       0x3c disk/part_efi.o
 .text.part_test_efi
                0x0000000041c0b684       0x72 disk/part_efi.o
 *fill*         0x0000000041c0b6f6        0x2 
 .text.validate_gpt_header
                0x0000000041c0b6f8      0x160 disk/part_efi.o
 .text.is_gpt_valid
                0x0000000041c0b858      0x210 disk/part_efi.o
 .text.is_pte_valid.part.0
                0x0000000041c0ba68       0x22 disk/part_efi.o
 .text.find_valid_gpt
                0x0000000041c0ba8a       0x32 disk/part_efi.o
 .text.part_get_info_efi
                0x0000000041c0babc      0x130 disk/part_efi.o
                0x0000000041c0babc                part_get_info_efi
 .text.blk_post_probe
                0x0000000041c0bbec       0x1c drivers/block/blk-uclass.o
 .text.blk_get_devnum_by_uclass_idname
                0x0000000041c0bc08       0x84 drivers/block/blk-uclass.o
                0x0000000041c0bc08                blk_get_devnum_by_uclass_idname
 .text.blk_get_by_device
                0x0000000041c0bc8c       0x2e drivers/block/blk-uclass.o
                0x0000000041c0bc8c                blk_get_by_device
 .text.blk_select_hwpart
                0x0000000041c0bcba       0x16 drivers/block/blk-uclass.o
                0x0000000041c0bcba                blk_select_hwpart
 .text.blk_dselect_hwpart
                0x0000000041c0bcd0        0x6 drivers/block/blk-uclass.o
                0x0000000041c0bcd0                blk_dselect_hwpart
 .text.blk_find_device
                0x0000000041c0bcd6       0x50 drivers/block/blk-uclass.o
                0x0000000041c0bcd6                blk_find_device
 .text.blk_read
                0x0000000041c0bd26       0x36 drivers/block/blk-uclass.o
                0x0000000041c0bd26                blk_read
 .text.blk_dread
                0x0000000041c0bd5c        0x6 drivers/block/blk-uclass.o
                0x0000000041c0bd5c                blk_dread
 .text.blk_find_from_parent
                0x0000000041c0bd62       0x1c drivers/block/blk-uclass.o
                0x0000000041c0bd62                blk_find_from_parent
 .text.blk_get_from_parent
                0x0000000041c0bd7e       0x1c drivers/block/blk-uclass.o
                0x0000000041c0bd7e                blk_get_from_parent
 .text.blk_find_max_devnum
                0x0000000041c0bd9a       0x46 drivers/block/blk-uclass.o
                0x0000000041c0bd9a                blk_find_max_devnum
 .text.blk_next_free_devnum
                0x0000000041c0bde0       0x18 drivers/block/blk-uclass.o
                0x0000000041c0bde0                blk_next_free_devnum
 .text.blk_create_device
                0x0000000041c0bdf8       0xea drivers/block/blk-uclass.o
                0x0000000041c0bdf8                blk_create_device
 *fill*         0x0000000041c0bee2        0x2 
 .text.blk_create_devicef
                0x0000000041c0bee4       0x6c drivers/block/blk-uclass.o
                0x0000000041c0bee4                blk_create_devicef
 .text.clk_clean_rate_cache
                0x0000000041c0bf50       0x30 drivers/clk/clk-uclass.o
 .text.dev_get_clk_ptr
                0x0000000041c0bf80        0x4 drivers/clk/clk-uclass.o
                0x0000000041c0bf80                dev_get_clk_ptr
 .text.clk_request
                0x0000000041c0bf84       0x16 drivers/clk/clk-uclass.o
                0x0000000041c0bf84                clk_request
 .text.clk_get_by_index_tail.isra.0.part.0
                0x0000000041c0bf9a       0x4c drivers/clk/clk-uclass.o
 *fill*         0x0000000041c0bfe6        0x2 
 .text.clk_get_by_index_nodev
                0x0000000041c0bfe8       0x30 drivers/clk/clk-uclass.o
                0x0000000041c0bfe8                clk_get_by_index_nodev
 .text.clk_get_by_index
                0x0000000041c0c018        0x6 drivers/clk/clk-uclass.o
                0x0000000041c0c018                clk_get_by_index
 *fill*         0x0000000041c0c01e        0x2 
 .text.clk_get_by_name_nodev
                0x0000000041c0c020       0x2c drivers/clk/clk-uclass.o
                0x0000000041c0c020                clk_get_by_name_nodev
 .text.clk_get_by_name
                0x0000000041c0c04c        0x6 drivers/clk/clk-uclass.o
                0x0000000041c0c04c                clk_get_by_name
 *fill*         0x0000000041c0c052        0x2 
 .text.clk_get_by_indexed_prop.isra.0
                0x0000000041c0c054       0x2c drivers/clk/clk-uclass.o
 .text.clk_free
                0x0000000041c0c080       0x12 drivers/clk/clk-uclass.o
                0x0000000041c0c080                clk_free
 .text.clk_get_rate
                0x0000000041c0c092       0x1c drivers/clk/clk-uclass.o
                0x0000000041c0c092                clk_get_rate
 .text.clk_get_parent
                0x0000000041c0c0ae       0x1e drivers/clk/clk-uclass.o
                0x0000000041c0c0ae                clk_get_parent
 .text.clk_get_parent_rate
                0x0000000041c0c0cc       0x4e drivers/clk/clk-uclass.o
                0x0000000041c0c0cc                clk_get_parent_rate
 .text.clk_set_parent
                0x0000000041c0c11a       0x2e drivers/clk/clk-uclass.o
                0x0000000041c0c11a                clk_set_parent
 .text.clk_get_by_id
                0x0000000041c0c148       0x44 drivers/clk/clk-uclass.o
                0x0000000041c0c148                clk_get_by_id
 .text.clk_set_rate
                0x0000000041c0c18c       0x38 drivers/clk/clk-uclass.o
                0x0000000041c0c18c                clk_set_rate
 .text.clk_enable
                0x0000000041c0c1c4       0x88 drivers/clk/clk-uclass.o
                0x0000000041c0c1c4                clk_enable
 .text.clk_disable
                0x0000000041c0c24c       0x98 drivers/clk/clk-uclass.o
                0x0000000041c0c24c                clk_disable
 .text.clk_set_defaults
                0x0000000041c0c2e4      0x178 drivers/clk/clk-uclass.o
                0x0000000041c0c2e4                clk_set_defaults
 .text.clk_uclass_post_probe
                0x0000000041c0c45c        0xc drivers/clk/clk-uclass.o
                0x0000000041c0c45c                clk_uclass_post_probe
 .text.dummy_enable
                0x0000000041c0c468        0x4 drivers/clk/clk_fixed_rate.o
 .text.clk_fixed_rate_raw_get_rate
                0x0000000041c0c46c        0x4 drivers/clk/clk_fixed_rate.o
 .text.clk_fixed_rate_get_rate
                0x0000000041c0c470        0xc drivers/clk/clk_fixed_rate.o
 .text.clk_fixed_rate_ofdata_to_plat_
                0x0000000041c0c47c       0x28 drivers/clk/clk_fixed_rate.o
                0x0000000041c0c47c                clk_fixed_rate_ofdata_to_plat_
 .text.clk_fixed_rate_of_to_plat
                0x0000000041c0c4a4       0x14 drivers/clk/clk_fixed_rate.o
 .text.clk_register_fixed_rate
                0x0000000041c0c4b8       0x3c drivers/clk/clk_fixed_rate.o
                0x0000000041c0c4b8                clk_register_fixed_rate
 .text.clk_fixed_factor_get_rate
                0x0000000041c0c4f4       0x20 drivers/clk/clk_fixed_factor.o
 .text.clk_fixed_factor_of_to_plat
                0x0000000041c0c514       0x3c drivers/clk/clk_fixed_factor.o
 .text.clk_register
                0x0000000041c0c550       0x84 drivers/clk/clk.o
                0x0000000041c0c550                clk_register
 .text.clk_generic_get_rate
                0x0000000041c0c5d4        0x4 drivers/clk/clk.o
                0x0000000041c0c5d4                clk_generic_get_rate
 .text.clk_hw_get_name
                0x0000000041c0c5d8        0x6 drivers/clk/clk.o
                0x0000000041c0c5d8                clk_hw_get_name
 .text.clk_divider_get_table_div
                0x0000000041c0c5de       0x16 drivers/clk/clk-divider.o
                0x0000000041c0c5de                clk_divider_get_table_div
 .text.divider_recalc_rate
                0x0000000041c0c5f4       0x90 drivers/clk/clk-divider.o
                0x0000000041c0c5f4                divider_recalc_rate
 .text.clk_divider_recalc_rate
                0x0000000041c0c684       0x38 drivers/clk/clk-divider.o
 .text.clk_divider_is_valid_table_div
                0x0000000041c0c6bc       0x14 drivers/clk/clk-divider.o
                0x0000000041c0c6bc                clk_divider_is_valid_table_div
 .text.clk_divider_is_valid_div
                0x0000000041c0c6d0       0x26 drivers/clk/clk-divider.o
                0x0000000041c0c6d0                clk_divider_is_valid_div
 .text.clk_divider_get_table_val
                0x0000000041c0c6f6       0x14 drivers/clk/clk-divider.o
                0x0000000041c0c6f6                clk_divider_get_table_val
 .text.divider_get_val
                0x0000000041c0c70a       0xb8 drivers/clk/clk-divider.o
                0x0000000041c0c70a                divider_get_val
 .text.clk_divider_set_rate
                0x0000000041c0c7c2       0x7a drivers/clk/clk-divider.o
 .text.clk_register_divider
                0x0000000041c0c83c       0x74 drivers/clk/clk-divider.o
                0x0000000041c0c83c                clk_register_divider
 .text.clk_mux_val_to_index
                0x0000000041c0c8b0       0x6e drivers/clk/clk-mux.o
                0x0000000041c0c8b0                clk_mux_val_to_index
 .text.clk_mux_index_to_val
                0x0000000041c0c91e       0x1c drivers/clk/clk-mux.o
                0x0000000041c0c91e                clk_mux_index_to_val
 *fill*         0x0000000041c0c93a        0x2 
 .text.clk_mux_set_parent
                0x0000000041c0c93c       0x80 drivers/clk/clk-mux.o
 .text.clk_mux_get_parent
                0x0000000041c0c9bc       0x22 drivers/clk/clk-mux.o
                0x0000000041c0c9bc                clk_mux_get_parent
 *fill*         0x0000000041c0c9de        0x2 
 .text.clk_hw_register_mux_table
                0x0000000041c0c9e0      0x104 drivers/clk/clk-mux.o
                0x0000000041c0c9e0                clk_hw_register_mux_table
 .text.clk_register_mux
                0x0000000041c0cae4       0x30 drivers/clk/clk-mux.o
                0x0000000041c0cae4                clk_register_mux
 .text.clk_gate_endisable
                0x0000000041c0cb14       0x4a drivers/clk/clk-gate.o
 .text.clk_gate_enable
                0x0000000041c0cb5e        0xc drivers/clk/clk-gate.o
 .text.clk_gate_disable
                0x0000000041c0cb6a        0xc drivers/clk/clk-gate.o
 .text.clk_factor_recalc_rate
                0x0000000041c0cb76       0x32 drivers/clk/clk-fixed-factor.o
 .text.clk_gate2_enable
                0x0000000041c0cba8       0x38 drivers/clk/imx/clk-gate2.o
 .text.clk_gate2_disable
                0x0000000041c0cbe0       0x4c drivers/clk/imx/clk-gate2.o
 .text.clk_gate2_set_rate
                0x0000000041c0cc2c       0x1a drivers/clk/imx/clk-gate2.o
 .text.clk_pllv3_generic_enable
                0x0000000041c0cc46       0x28 drivers/clk/imx/clk-pllv3.o
 .text.clk_pllv3_generic_disable
                0x0000000041c0cc6e       0x2a drivers/clk/imx/clk-pllv3.o
 .text.clk_pllv3_enet_get_rate
                0x0000000041c0cc98        0x4 drivers/clk/imx/clk-pllv3.o
 .text.clk_pllv3_genericv2_set_rate
                0x0000000041c0cc9c       0x2e drivers/clk/imx/clk-pllv3.o
 .text.clk_pllv3_sys_get_rate
                0x0000000041c0ccca       0x1a drivers/clk/imx/clk-pllv3.o
 .text.clk_pllv3_generic_get_rate
                0x0000000041c0cce4       0x2e drivers/clk/imx/clk-pllv3.o
 .text.clk_pllv3_genericv2_get_rate
                0x0000000041c0cd12       0x2c drivers/clk/imx/clk-pllv3.o
 *fill*         0x0000000041c0cd3e        0x2 
 .text.clk_pllv3_av_set_rate
                0x0000000041c0cd40       0xa4 drivers/clk/imx/clk-pllv3.o
 .text.clk_pllv3_av_get_rate
                0x0000000041c0cde4       0x58 drivers/clk/imx/clk-pllv3.o
 .text.clk_pllv3_sys_set_rate
                0x0000000041c0ce3c       0x58 drivers/clk/imx/clk-pllv3.o
 .text.clk_pllv3_generic_set_rate
                0x0000000041c0ce94       0x56 drivers/clk/imx/clk-pllv3.o
 .text.clk_pfd_set_rate
                0x0000000041c0ceea       0x6c drivers/clk/imx/clk-pfd.o
 .text.clk_pfd_recalc_rate
                0x0000000041c0cf56       0x5e drivers/clk/imx/clk-pfd.o
 .text.ti_pll_clk_disable
                0x0000000041c0cfb4       0x18 drivers/clk/ti/clk-k3-pll.o
 .text.ti_pll_clk_get_rate
                0x0000000041c0cfcc       0x80 drivers/clk/ti/clk-k3-pll.o
 .text.ti_pll_wait_for_lock
                0x0000000041c0d04c       0x38 drivers/clk/ti/clk-k3-pll.o
 .text.ti_pll_clk_enable
                0x0000000041c0d084       0x1c drivers/clk/ti/clk-k3-pll.o
 .text.ti_pll_clk_set_rate
                0x0000000041c0d0a0      0x140 drivers/clk/ti/clk-k3-pll.o
 .text.clk_register_ti_pll
                0x0000000041c0d1e0       0xa4 drivers/clk/ti/clk-k3-pll.o
                0x0000000041c0d1e0                clk_register_ti_pll
 .text.ti_clk_of_xlate
                0x0000000041c0d284       0x4c drivers/clk/ti/clk-k3.o
 .text.ti_clk_disable
                0x0000000041c0d2d0       0x1e drivers/clk/ti/clk-k3.o
 .text.ti_clk_enable
                0x0000000041c0d2ee       0x1e drivers/clk/ti/clk-k3.o
 .text.ti_clk_set_parent
                0x0000000041c0d30c       0x28 drivers/clk/ti/clk-k3.o
 .text.ti_clk_get_rate
                0x0000000041c0d334       0x1e drivers/clk/ti/clk-k3.o
 *fill*         0x0000000041c0d352        0x2 
 .text.ti_clk_set_rate
                0x0000000041c0d354      0x128 drivers/clk/ti/clk-k3.o
 .text.ti_clk_probe
                0x0000000041c0d47c      0x16c drivers/clk/ti/clk-k3.o
 .text._device_find_global_by_ofnode
                0x0000000041c0d5e8       0x2e drivers/core/device.o
 .text.alloc_priv
                0x0000000041c0d616       0x38 drivers/core/device.o
 .text.device_bind_common.isra.0
                0x0000000041c0d64e      0x19a drivers/core/device.o
 .text.device_bind_with_driver_data
                0x0000000041c0d7e8       0x16 drivers/core/device.o
                0x0000000041c0d7e8                device_bind_with_driver_data
 .text.device_bind
                0x0000000041c0d7fe       0x16 drivers/core/device.o
                0x0000000041c0d7fe                device_bind
 .text.device_bind_by_name
                0x0000000041c0d814       0x44 drivers/core/device.o
                0x0000000041c0d814                device_bind_by_name
 .text.device_reparent
                0x0000000041c0d858       0x4e drivers/core/device.o
                0x0000000041c0d858                device_reparent
 .text.device_of_to_plat
                0x0000000041c0d8a6       0x9e drivers/core/device.o
                0x0000000041c0d8a6                device_of_to_plat
 .text.device_probe
                0x0000000041c0d944      0x100 drivers/core/device.o
                0x0000000041c0d944                device_probe
 .text.device_get_device_tail.part.0
                0x0000000041c0da44       0x10 drivers/core/device.o
 .text.dev_get_plat
                0x0000000041c0da54        0x6 drivers/core/device.o
                0x0000000041c0da54                dev_get_plat
 .text.dev_get_parent_plat
                0x0000000041c0da5a        0x6 drivers/core/device.o
                0x0000000041c0da5a                dev_get_parent_plat
 .text.dev_get_uclass_plat
                0x0000000041c0da60        0x6 drivers/core/device.o
                0x0000000041c0da60                dev_get_uclass_plat
 .text.dev_get_priv
                0x0000000041c0da66        0x6 drivers/core/device.o
                0x0000000041c0da66                dev_get_priv
 .text.dev_get_uclass_priv
                0x0000000041c0da6c        0x6 drivers/core/device.o
                0x0000000041c0da6c                dev_get_uclass_priv
 .text.dev_get_parent_priv
                0x0000000041c0da72        0x6 drivers/core/device.o
                0x0000000041c0da72                dev_get_parent_priv
 .text.device_get_global_by_ofnode
                0x0000000041c0da78       0x22 drivers/core/device.o
                0x0000000041c0da78                device_get_global_by_ofnode
 .text.device_find_first_child
                0x0000000041c0da9a       0x12 drivers/core/device.o
                0x0000000041c0da9a                device_find_first_child
 .text.device_find_next_child
                0x0000000041c0daac       0x16 drivers/core/device.o
                0x0000000041c0daac                device_find_next_child
 .text.device_find_first_child_by_uclass
                0x0000000041c0dac2       0x32 drivers/core/device.o
                0x0000000041c0dac2                device_find_first_child_by_uclass
 .text.dev_get_parent
                0x0000000041c0daf4        0x4 drivers/core/device.o
                0x0000000041c0daf4                dev_get_parent
 .text.dev_get_driver_data
                0x0000000041c0daf8        0x4 drivers/core/device.o
                0x0000000041c0daf8                dev_get_driver_data
 .text.dev_get_driver_ops
                0x0000000041c0dafc        0x8 drivers/core/device.o
                0x0000000041c0dafc                dev_get_driver_ops
 .text.device_get_uclass_id
                0x0000000041c0db04        0x8 drivers/core/device.o
                0x0000000041c0db04                device_get_uclass_id
 .text.device_set_name_alloced
                0x0000000041c0db0c        0xa drivers/core/device.o
                0x0000000041c0db0c                device_set_name_alloced
 .text.dev_set_uclass_priv
                0x0000000041c0db16        0x4 drivers/core/device.o
                0x0000000041c0db16                dev_set_uclass_priv
 *fill*         0x0000000041c0db1a        0x2 
 .text.devfdt_get_addr_index
                0x0000000041c0db1c       0x78 drivers/core/fdtaddr.o
                0x0000000041c0db1c                devfdt_get_addr_index
 .text.devfdt_get_addr_index_ptr
                0x0000000041c0db94       0x10 drivers/core/fdtaddr.o
                0x0000000041c0db94                devfdt_get_addr_index_ptr
 .text.devfdt_get_addr_size_index
                0x0000000041c0dba4       0x2c drivers/core/fdtaddr.o
                0x0000000041c0dba4                devfdt_get_addr_size_index
 .text.devfdt_get_addr_name
                0x0000000041c0dbd0       0x28 drivers/core/fdtaddr.o
                0x0000000041c0dbd0                devfdt_get_addr_name
 .text.devfdt_get_addr
                0x0000000041c0dbf8        0x6 drivers/core/fdtaddr.o
                0x0000000041c0dbf8                devfdt_get_addr
 .text.devfdt_get_addr_ptr
                0x0000000041c0dbfe        0x6 drivers/core/fdtaddr.o
                0x0000000041c0dbfe                devfdt_get_addr_ptr
 .text.devfdt_remap_addr_index
                0x0000000041c0dc04       0x10 drivers/core/fdtaddr.o
                0x0000000041c0dc04                devfdt_remap_addr_index
 .text.devfdt_remap_addr_name
                0x0000000041c0dc14       0x10 drivers/core/fdtaddr.o
                0x0000000041c0dc14                devfdt_remap_addr_name
 .text.devfdt_get_addr_pci
                0x0000000041c0dc24        0x4 drivers/core/fdtaddr.o
                0x0000000041c0dc24                devfdt_get_addr_pci
 .text.lists_driver_lookup_name
                0x0000000041c0dc28       0x2c drivers/core/lists.o
                0x0000000041c0dc28                lists_driver_lookup_name
 .text.lists_uclass_lookup
                0x0000000041c0dc54       0x20 drivers/core/lists.o
                0x0000000041c0dc54                lists_uclass_lookup
 .text.lists_bind_drivers
                0x0000000041c0dc74       0x70 drivers/core/lists.o
                0x0000000041c0dc74                lists_bind_drivers
 .text.device_bind_driver_to_node
                0x0000000041c0dce4       0x2c drivers/core/lists.o
                0x0000000041c0dce4                device_bind_driver_to_node
 .text.device_bind_driver
                0x0000000041c0dd10       0x12 drivers/core/lists.o
                0x0000000041c0dd10                device_bind_driver
 *fill*         0x0000000041c0dd22        0x2 
 .text.lists_bind_fdt
                0x0000000041c0dd24      0x100 drivers/core/lists.o
                0x0000000041c0dd24                lists_bind_fdt
 .text.dm_scan_fdt_node
                0x0000000041c0de24       0x5e drivers/core/root.o
 .text.dm_probe_devices
                0x0000000041c0de82       0x4e drivers/core/root.o
 .text.dm_root  0x0000000041c0ded0        0xc drivers/core/root.o
                0x0000000041c0ded0                dm_root
 .text.dm_fixup_for_gd_move
                0x0000000041c0dedc       0x12 drivers/core/root.o
                0x0000000041c0dedc                dm_fixup_for_gd_move
 *fill*         0x0000000041c0deee        0x2 
 .text.dm_init  0x0000000041c0def0       0x50 drivers/core/root.o
                0x0000000041c0def0                dm_init
 .text.dm_uninit
                0x0000000041c0df40       0x16 drivers/core/root.o
                0x0000000041c0df40                dm_uninit
 .text.dm_scan_plat
                0x0000000041c0df56       0x16 drivers/core/root.o
                0x0000000041c0df56                dm_scan_plat
 .text.dm_scan_fdt_dev
                0x0000000041c0df6c       0x10 drivers/core/root.o
                0x0000000041c0df6c                dm_scan_fdt_dev
 .text.dm_scan_fdt
                0x0000000041c0df7c        0xc drivers/core/root.o
                0x0000000041c0df7c                dm_scan_fdt
 .text.dm_extended_scan
                0x0000000041c0df88       0x40 drivers/core/root.o
                0x0000000041c0df88                dm_extended_scan
 .text.dm_scan_other
                0x0000000041c0dfc8        0x4 drivers/core/root.o
                0x0000000041c0dfc8                dm_scan_other
 .text.dm_init_and_scan
                0x0000000041c0dfcc       0x34 drivers/core/root.o
                0x0000000041c0dfcc                dm_init_and_scan
 .text.uclass_find
                0x0000000041c0e000       0x32 drivers/core/uclass.o
                0x0000000041c0e000                uclass_find
 .text.uclass_get
                0x0000000041c0e032       0xb6 drivers/core/uclass.o
                0x0000000041c0e032                uclass_get
 .text.uclass_find_device
                0x0000000041c0e0e8       0x42 drivers/core/uclass.o
                0x0000000041c0e0e8                uclass_find_device
 .text.uclass_find_first_device
                0x0000000041c0e12a       0x22 drivers/core/uclass.o
                0x0000000041c0e12a                uclass_find_first_device
 .text.uclass_find_next_device
                0x0000000041c0e14c       0x18 drivers/core/uclass.o
                0x0000000041c0e14c                uclass_find_next_device
 .text._uclass_next_device
                0x0000000041c0e164       0x20 drivers/core/uclass.o
 .text.uclass_find_device_by_namelen
                0x0000000041c0e184       0x62 drivers/core/uclass.o
                0x0000000041c0e184                uclass_find_device_by_namelen
 .text.uclass_find_device_by_name
                0x0000000041c0e1e6       0x1e drivers/core/uclass.o
                0x0000000041c0e1e6                uclass_find_device_by_name
 .text.uclass_find_next_free_seq
                0x0000000041c0e204       0x46 drivers/core/uclass.o
                0x0000000041c0e204                uclass_find_next_free_seq
 .text.uclass_find_device_by_seq
                0x0000000041c0e24a       0x42 drivers/core/uclass.o
                0x0000000041c0e24a                uclass_find_device_by_seq
 .text.uclass_find_device_by_of_offset
                0x0000000041c0e28c       0x40 drivers/core/uclass.o
                0x0000000041c0e28c                uclass_find_device_by_of_offset
 .text.uclass_find_device_by_ofnode
                0x0000000041c0e2cc       0x40 drivers/core/uclass.o
                0x0000000041c0e2cc                uclass_find_device_by_ofnode
 .text.uclass_find_device_by_phandle
                0x0000000041c0e30c       0x60 drivers/core/uclass.o
                0x0000000041c0e30c                uclass_find_device_by_phandle
 .text.uclass_get_device_by_driver
                0x0000000041c0e36c       0x40 drivers/core/uclass.o
                0x0000000041c0e36c                uclass_get_device_by_driver
 .text.uclass_get_device_tail
                0x0000000041c0e3ac       0x16 drivers/core/uclass.o
                0x0000000041c0e3ac                uclass_get_device_tail
 .text.uclass_get_device
                0x0000000041c0e3c2       0x1c drivers/core/uclass.o
                0x0000000041c0e3c2                uclass_get_device
 .text.uclass_get_device_by_name
                0x0000000041c0e3de       0x1c drivers/core/uclass.o
                0x0000000041c0e3de                uclass_get_device_by_name
 .text.uclass_get_device_by_seq
                0x0000000041c0e3fa       0x1c drivers/core/uclass.o
                0x0000000041c0e3fa                uclass_get_device_by_seq
 .text.uclass_get_device_by_of_offset
                0x0000000041c0e416       0x1c drivers/core/uclass.o
                0x0000000041c0e416                uclass_get_device_by_of_offset
 .text.uclass_get_device_by_ofnode
                0x0000000041c0e432       0x1c drivers/core/uclass.o
                0x0000000041c0e432                uclass_get_device_by_ofnode
 .text.uclass_get_device_by_phandle_id
                0x0000000041c0e44e       0x4c drivers/core/uclass.o
                0x0000000041c0e44e                uclass_get_device_by_phandle_id
 .text.uclass_get_device_by_phandle
                0x0000000041c0e49a       0x1c drivers/core/uclass.o
                0x0000000041c0e49a                uclass_get_device_by_phandle
 .text.uclass_first_device
                0x0000000041c0e4b6       0x16 drivers/core/uclass.o
                0x0000000041c0e4b6                uclass_first_device
 .text.uclass_next_device
                0x0000000041c0e4cc       0x1a drivers/core/uclass.o
                0x0000000041c0e4cc                uclass_next_device
 .text.uclass_first_device_check
                0x0000000041c0e4e6       0x1e drivers/core/uclass.o
                0x0000000041c0e4e6                uclass_first_device_check
 .text.uclass_first_device_err
                0x0000000041c0e504       0x16 drivers/core/uclass.o
                0x0000000041c0e504                uclass_first_device_err
 .text.uclass_bind_device
                0x0000000041c0e51a       0x3a drivers/core/uclass.o
                0x0000000041c0e51a                uclass_bind_device
 .text.uclass_pre_probe_device
                0x0000000041c0e554       0x2e drivers/core/uclass.o
                0x0000000041c0e554                uclass_pre_probe_device
 .text.uclass_post_probe_device
                0x0000000041c0e582       0x2e drivers/core/uclass.o
                0x0000000041c0e582                uclass_post_probe_device
 .text.simple_bus_post_bind
                0x0000000041c0e5b0       0x34 drivers/core/simple-bus.o
 .text.regmap_alloc
                0x0000000041c0e5e4       0x18 drivers/core/regmap.o
 .text.regmap_init_mem_index
                0x0000000041c0e5fc       0xc4 drivers/core/regmap.o
                0x0000000041c0e5fc                regmap_init_mem_index
 .text.regmap_init_mem
                0x0000000041c0e6c0       0xfc drivers/core/regmap.o
                0x0000000041c0e6c0                regmap_init_mem
 .text.regmap_raw_read_range
                0x0000000041c0e7bc       0x9c drivers/core/regmap.o
                0x0000000041c0e7bc                regmap_raw_read_range
 .text.regmap_raw_read
                0x0000000041c0e858       0x14 drivers/core/regmap.o
                0x0000000041c0e858                regmap_raw_read
 .text.regmap_read
                0x0000000041c0e86c       0x38 drivers/core/regmap.o
                0x0000000041c0e86c                regmap_read
 .text.regmap_raw_write_range
                0x0000000041c0e8a4       0xca drivers/core/regmap.o
                0x0000000041c0e8a4                regmap_raw_write_range
 .text.regmap_raw_write
                0x0000000041c0e96e       0x14 drivers/core/regmap.o
                0x0000000041c0e96e                regmap_raw_write
 .text.regmap_write
                0x0000000041c0e982       0x3c drivers/core/regmap.o
                0x0000000041c0e982                regmap_write
 .text.regmap_update_bits
                0x0000000041c0e9be       0x30 drivers/core/regmap.o
                0x0000000041c0e9be                regmap_update_bits
 .text.syscon_pre_probe
                0x0000000041c0e9ee       0x24 drivers/core/syscon-uclass.o
 .text.syscon_get_regmap
                0x0000000041c0ea12       0x1c drivers/core/syscon-uclass.o
                0x0000000041c0ea12                syscon_get_regmap
 .text.ofnode_read_u32_index
                0x0000000041c0ea2e       0x42 drivers/core/ofnode.o
                0x0000000041c0ea2e                ofnode_read_u32_index
 .text.ofnode_read_u32
                0x0000000041c0ea70        0x8 drivers/core/ofnode.o
                0x0000000041c0ea70                ofnode_read_u32
 .text.ofnode_read_u32_default
                0x0000000041c0ea78       0x14 drivers/core/ofnode.o
                0x0000000041c0ea78                ofnode_read_u32_default
 .text.ofnode_read_s32_default
                0x0000000041c0ea8c       0x12 drivers/core/ofnode.o
                0x0000000041c0ea8c                ofnode_read_s32_default
 .text.ofnode_read_u64
                0x0000000041c0ea9e       0x34 drivers/core/ofnode.o
                0x0000000041c0ea9e                ofnode_read_u64
 .text.ofnode_read_u64_default
                0x0000000041c0ead2       0x16 drivers/core/ofnode.o
                0x0000000041c0ead2                ofnode_read_u64_default
 .text.ofnode_read_prop
                0x0000000041c0eae8       0x2a drivers/core/ofnode.o
                0x0000000041c0eae8                ofnode_read_prop
 .text.ofnode_read_string
                0x0000000041c0eb12       0x20 drivers/core/ofnode.o
                0x0000000041c0eb12                ofnode_read_string
 .text.ofnode_read_size
                0x0000000041c0eb32       0x18 drivers/core/ofnode.o
                0x0000000041c0eb32                ofnode_read_size
 .text.ofnode_find_subnode
                0x0000000041c0eb4a       0x12 drivers/core/ofnode.o
                0x0000000041c0eb4a                ofnode_find_subnode
 .text.ofnode_read_u32_array
                0x0000000041c0eb5c       0x18 drivers/core/ofnode.o
                0x0000000041c0eb5c                ofnode_read_u32_array
 .text.ofnode_get_parent
                0x0000000041c0eb74        0xe drivers/core/ofnode.o
                0x0000000041c0eb74                ofnode_get_parent
 .text.ofnode_get_name
                0x0000000041c0eb82       0x12 drivers/core/ofnode.o
                0x0000000041c0eb82                ofnode_get_name
 .text.ofnode_get_by_phandle
                0x0000000041c0eb94        0xe drivers/core/ofnode.o
                0x0000000041c0eb94                ofnode_get_by_phandle
 .text.ofnode_stringlist_search
                0x0000000041c0eba2       0x26 drivers/core/ofnode.o
                0x0000000041c0eba2                ofnode_stringlist_search
 .text.ofnode_parse_phandle_with_args
                0x0000000041c0ebc8       0x42 drivers/core/ofnode.o
                0x0000000041c0ebc8                ofnode_parse_phandle_with_args
 .text.ofnode_count_phandle_with_args
                0x0000000041c0ec0a       0x24 drivers/core/ofnode.o
                0x0000000041c0ec0a                ofnode_count_phandle_with_args
 .text.ofnode_path
                0x0000000041c0ec2e       0x12 drivers/core/ofnode.o
                0x0000000041c0ec2e                ofnode_path
 .text.ofnode_read_chosen_prop
                0x0000000041c0ec40       0x1c drivers/core/ofnode.o
                0x0000000041c0ec40                ofnode_read_chosen_prop
 .text.ofnode_get_chosen_node
                0x0000000041c0ec5c       0x18 drivers/core/ofnode.o
                0x0000000041c0ec5c                ofnode_get_chosen_node
 .text.ofnode_get_property
                0x0000000041c0ec74       0x14 drivers/core/ofnode.o
                0x0000000041c0ec74                ofnode_get_property
 .text.ofnode_read_bool
                0x0000000041c0ec88       0x10 drivers/core/ofnode.o
                0x0000000041c0ec88                ofnode_read_bool
 .text.ofnode_read_simple_addr_cells
                0x0000000041c0ec98        0xa drivers/core/ofnode.o
                0x0000000041c0ec98                ofnode_read_simple_addr_cells
 .text.ofnode_read_simple_size_cells
                0x0000000041c0eca2        0xa drivers/core/ofnode.o
                0x0000000041c0eca2                ofnode_read_simple_size_cells
 .text.ofnode_pre_reloc
                0x0000000041c0ecac        0x4 drivers/core/ofnode.o
                0x0000000041c0ecac                ofnode_pre_reloc
 .text.ofnode_read_resource
                0x0000000041c0ecb0       0x40 drivers/core/ofnode.o
                0x0000000041c0ecb0                ofnode_read_resource
 .text.ofnode_by_compatible
                0x0000000041c0ecf0       0x12 drivers/core/ofnode.o
                0x0000000041c0ecf0                ofnode_by_compatible
 .text.ofnode_by_prop_value
                0x0000000041c0ed02       0x18 drivers/core/ofnode.o
                0x0000000041c0ed02                ofnode_by_prop_value
 *fill*         0x0000000041c0ed1a        0x2 
 .text.ofnode_conf_read_int
                0x0000000041c0ed1c       0x24 drivers/core/ofnode.o
                0x0000000041c0ed1c                ofnode_conf_read_int
 .text.dma_get_device
                0x0000000041c0ed40       0x36 drivers/dma/dma-uclass.o
                0x0000000041c0ed40                dma_get_device
 .text.dma_memcpy
                0x0000000041c0ed76       0x6a drivers/dma/dma-uclass.o
                0x0000000041c0ed76                dma_memcpy
 .text.udma_reset_counters
                0x0000000041c0ede0       0x7a drivers/dma/ti/k3-udma.o
 .text.udma_start
                0x0000000041c0ee5a       0xe8 drivers/dma/ti/k3-udma.o
 .text.udma_put_rchan
                0x0000000041c0ef42       0x40 drivers/dma/ti/k3-udma.o
 .text.udma_put_tchan
                0x0000000041c0ef82       0x60 drivers/dma/ti/k3-udma.o
 .text.udma_put_rflow
                0x0000000041c0efe2       0x40 drivers/dma/ti/k3-udma.o
 .text.bcdma_put_bchan
                0x0000000041c0f022       0x42 drivers/dma/ti/k3-udma.o
 .text.udma_get_cfg
                0x0000000041c0f064       0x58 drivers/dma/ti/k3-udma.o
 .text.udma_enable
                0x0000000041c0f0bc       0x50 drivers/dma/ti/k3-udma.o
 .text.udma_push_to_ring
                0x0000000041c0f10c       0x26 drivers/dma/ti/k3-udma.o
 *fill*         0x0000000041c0f132        0x2 
 .text.udma_prepare_rcv_buf
                0x0000000041c0f134      0x218 drivers/dma/ti/k3-udma.o
                0x0000000041c0f134                udma_prepare_rcv_buf
 .text.udma_reset_uchan
                0x0000000041c0f34c       0x1a drivers/dma/ti/k3-udma.o
 *fill*         0x0000000041c0f366        0x2 
 .text.udma_alloc_tx_resources
                0x0000000041c0f368      0x220 drivers/dma/ti/k3-udma.o
 .text.udma_free_tx_resources
                0x0000000041c0f588       0x2c drivers/dma/ti/k3-udma.o
 .text.udma_free_rx_resources
                0x0000000041c0f5b4       0x36 drivers/dma/ti/k3-udma.o
 .text.bcdma_free_bchan_resources
                0x0000000041c0f5ea       0x2c drivers/dma/ti/k3-udma.o
 *fill*         0x0000000041c0f616        0x2 
 .text.__udma_reserve_rflow
                0x0000000041c0f618      0x140 drivers/dma/ti/k3-udma.o
 .text.udma_alloc_tchan_raw
                0x0000000041c0f758       0x76 drivers/dma/ti/k3-udma.o
 *fill*         0x0000000041c0f7ce        0x2 
 .text.udma_alloc_tchan_sci_req
                0x0000000041c0f7d0       0xa8 drivers/dma/ti/k3-udma.o
 .text.udma_alloc_rchan_raw
                0x0000000041c0f878      0x114 drivers/dma/ti/k3-udma.o
 .text.udma_alloc_rchan_sci_req
                0x0000000041c0f98c      0x1ac drivers/dma/ti/k3-udma.o
 .text.udma_reset_rings
                0x0000000041c0fb38       0x3a drivers/dma/ti/k3-udma.o
 *fill*         0x0000000041c0fb72        0x2 
 .text.udma_disable
                0x0000000041c0fb74      0x198 drivers/dma/ti/k3-udma.o
 .text.udma_rfree
                0x0000000041c0fd0c      0x1a0 drivers/dma/ti/k3-udma.o
 .text.udma_poll_completion