gpio-uclass.c:539:12:_gpio_get_value	8	static
gpio-uclass.c:1438:12:gpio_post_bind	0	static
gpio-uclass.c:816:12:get_function	24	static
gpio-uclass.c:58:12:gpio_to_device	24	static
gpio-uclass.c:475:12:check_reserved	24	static
gpio-uclass.c:1292:12:gpio_renumber	32	static
gpio-uclass.c:1340:12:gpio_pre_remove	16	static
gpio-uclass.c:1329:12:gpio_post_probe	8	static
gpio-uclass.c:115:5:dm_gpio_lookup_name	32	static
gpio-uclass.c:160:5:gpio_lookup_name	40	static
gpio-uclass.c:185:15:gpio_flags_xlate	0	static
gpio-uclass.c:213:5:gpio_xlate_offs_flags	16	static
gpio-uclass.c:338:5:gpio_hog_lookup_name	0	static
gpio-uclass.c:344:5:dm_gpio_request	32	static
gpio-uclass.c:397:5:gpio_request	24	static
gpio-uclass.c:419:5:gpio_requestf	4	static
gpio-uclass.c:434:5:_dm_gpio_free	24	static
gpio-uclass.c:463:5:gpio_free	24	static
gpio-uclass.c:549:5:dm_gpio_get_value	8	static
gpio-uclass.c:560:5:dm_gpio_set_value	16	static
gpio-uclass.c:676:5:dm_gpio_clrset_flags	24	static
gpio-uclass.c:502:5:gpio_direction_input	24	static
gpio-uclass.c:523:5:gpio_direction_output	24	static
gpio-uclass.c:697:5:dm_gpio_set_dir_flags	0	static
gpio-uclass.c:1087:12:gpio_request_tail.isra.0	24	static
gpio-uclass.c:703:5:dm_gpios_clrset_flags	32	static
gpio-uclass.c:718:5:dm_gpio_get_flags	32	static
gpio-uclass.c:764:5:gpio_get_value	24	static
gpio-uclass.c:785:5:gpio_set_value	24	static
gpio-uclass.c:796:13:gpio_get_bank_info	8	static
gpio-uclass.c:845:5:gpio_get_function	0	static
gpio-uclass.c:850:5:gpio_get_raw_function	0	static
gpio-uclass.c:855:5:gpio_get_status	64	static
gpio-uclass.c:921:5:gpio_claim_vector	24	static
gpio-uclass.c:952:5:gpio_get_values_as_int	24	static
gpio-uclass.c:972:5:dm_gpio_get_values_as_int	32	static
gpio-uclass.c:990:5:dm_gpio_get_values_as_int_base3	16	static
gpio-uclass.c:1148:5:gpio_request_by_name_nodev	104	static
gpio-uclass.c:1155:5:gpio_request_by_name	104	static
gpio-uclass.c:1169:5:gpio_request_by_line_name	24	static
gpio-uclass.c:1233:5:gpio_get_list_count	0	static
gpio-uclass.c:1269:5:dm_gpio_free	0	static
gpio-uclass.c:1275:5:gpio_free_list	24	static
gpio-uclass.c:1286:5:gpio_free_list_nodev	0	static
gpio-uclass.c:1195:5:gpio_request_list_by_name_nodev	120	static
gpio-uclass.c:1220:5:gpio_request_list_by_name	0	static
gpio-uclass.c:1317:5:gpio_get_number	8	static
gpio-uclass.c:1354:5:gpio_dev_request_index	88	static
gpio-uclass.c:1379:19:devm_gpiod_get_index	32	static
gpio-uclass.c:1417:19:devm_gpiod_get_index_optional	8	static
gpio-uclass.c:1430:6:devm_gpiod_put	0	static
