spl.c:125:13:spl_perform_fixups	0	static
spl.c:129:6:spl_fixup_fdt	8	static
spl.c:158:7:spl_get_image_pos	0	static
spl.c:172:7:spl_get_image_size	0	static
spl.c:186:7:spl_get_image_text_base	0	static
spl.c:201:13:spl_board_prepare_for_linux	0	static
spl.c:206:13:spl_board_prepare_for_optee	0	static
spl.c:210:20:spl_board_loader_name	0	static
spl.c:223:13:spl_board_prepare_for_boot	0	static
spl.c:228:31:spl_get_load_buffer	0	static
spl.c:359:12:spl_parse_board_header	0	static
spl.c:366:12:spl_parse_legacy_header	0	static
spl.c:374:5:spl_parse_image_header	16	static
spl.c:453:24:jump_to_image_no_args	8	static
spl.c:587:6:spl_set_bd	0	static
spl.c:597:5:spl_early_init	8	static
spl.c:611:5:spl_init	8	static
spl.c:633:13:board_boot_order	8	static
spl.c:638:12:spl_check_board_image	0	static
spl.c:741:6:board_init_r	88	static
spl.c:915:6:preloader_console_init	8	static
spl.c:938:13:spl_relocate_stack_check	0	static
spl.c:981:7:spl_relocate_stack_gd	8	static
