image.c:232:5:image_check_hcrc	72	static
image.c:247:5:image_check_dcrc	8	static
image.c:269:7:image_multi_count	0	static
image.c:302:6:image_multi_getimg	24	static
image.c:427:5:image_decomp_type	16	static
image.c:535:22:get_table_entry	0	static
image.c:673:20:genimg_get_short_name	8	static
image.c:566:13:genimg_get_cat_name	16	static
image.c:586:13:genimg_get_cat_short_name	16	static
image.c:596:5:genimg_get_cat_count	0	static
image.c:601:13:genimg_get_cat_desc	0	static
image.c:616:6:genimg_cat_has_id	8	static
image.c:638:7:get_table_entry_name	8	static
image.c:646:13:genimg_get_os_name	0	static
image.c:651:13:genimg_get_arch_name	0	static
image.c:657:13:genimg_get_type_name	0	static
image.c:442:5:image_decomp	24	static
image.c:662:13:genimg_get_comp_name	0	static
image.c:362:6:image_print_contents	40	static
image.c:668:13:genimg_get_phase_name	0	static
image.c:681:13:genimg_get_type_short_name	0	static
image.c:686:13:genimg_get_comp_short_name	0	static
image.c:691:13:genimg_get_os_short_name	0	static
image.c:696:13:genimg_get_arch_short_name	0	static
image.c:715:5:get_table_entry_id	16	static
image.c:729:5:genimg_get_os_id	0	static
image.c:734:5:genimg_get_arch_id	0	static
image.c:739:5:genimg_get_type_id	0	static
image.c:744:5:genimg_get_comp_id	0	static
image.c:749:5:genimg_get_phase_id	0	static
