cli_hush.c:891:13:b_reset	0	static
cli_hush.c:930:12:static_get	0	static
cli_hush.c:937:12:static_peek	0	static
cli_hush.c:3139:13:mapset	0	static
cli_hush.c:1998:12:free_pipe_list	40	static
cli_hush.c:376:13:syntax_err	0	static
cli_hush.c:3331:14:xmalloc	8	static
cli_hush.c:2331:21:new_pipe	8	static
cli_hush.c:3342:14:xrealloc	8	static
cli_hush.c:2530:12:done_command	16	static
cli_hush.c:2579:12:done_pipe	16	static
cli_hush.c:2439:12:done_word	32	static
cli_hush.c:2269:12:is_assignment	0	static
cli_hush.c:1089:12:file_get	32	static
cli_hush.c:3665:12:do_showvar	40	static
cli_hush.c:881:12:b_addchr	16	static
cli_hush.c:909:12:b_addqchr	16	static
cli_hush.c:1132:12:file_peek	0	static
cli_hush.c:2134:7:get_local_var	16	static
cli_hush.c:2156:5:set_local_var	32	static
cli_hush.c:3521:14:insert_var_value_sub	48	static
cli_hush.c:2239:6:unset_local_var	16	static
cli_hush.c:3255:5:parse_string_outer	48	static
cli_hush.c:1759:12:run_list_real	88	static
cli_hush.c:3173:12:parse_stream_outer	88	static
cli_hush.c:3287:5:parse_file_outer	32	static
cli_hush.c:3315:5:u_boot_hush_start	16	static
