ti_sci.c:1579:1:ti_sci_cmd_get_resource_range_static	16	static
ti_sci.c:2448:12:ti_sci_cmd_rm_udmap_rx_flow_cfg_noop	0	static
ti_sci.c:124:28:ti_sci_setup_one_xfer	24	static
ti_sci.c:234:12:ti_sci_do_xfer	32	dynamic
ti_sci.c:2563:12:ti_sci_cmd_change_fwl_owner	40	static
ti_sci.c:2509:12:ti_sci_cmd_get_fwl_region	48	static
ti_sci.c:2461:12:ti_sci_cmd_set_fwl_region	72	static
ti_sci.c:2391:12:ti_sci_cmd_rm_udmap_rx_flow_cfg	72	static
ti_sci.c:2340:12:ti_sci_cmd_rm_udmap_rx_ch_cfg	64	static
ti_sci.c:2286:12:ti_sci_cmd_rm_udmap_tx_ch_cfg	64	static
ti_sci.c:2249:12:ti_sci_cmd_rm_psil_unpair	56	static
ti_sci.c:2212:12:ti_sci_cmd_rm_psil_pair	56	static
ti_sci.c:2168:12:ti_sci_cmd_ring_config	64	static
ti_sci.c:1970:12:ti_sci_cmd_get_proc_boot_status	48	static
ti_sci.c:1922:12:ti_sci_cmd_proc_auth_boot_image	48	static
ti_sci.c:1875:12:ti_sci_cmd_set_proc_boot_ctrl	56	static
ti_sci.c:1826:12:ti_sci_cmd_set_proc_boot_cfg	72	static
ti_sci.c:1783:12:ti_sci_cmd_proc_handover	40	static
ti_sci.c:1741:12:ti_sci_cmd_proc_release	40	static
ti_sci.c:1702:12:ti_sci_cmd_proc_request	40	static
ti_sci.c:1533:12:ti_sci_get_resource_range	48	static
ti_sci.c:1641:5:ti_sci_cmd_get_resource_range_from_shost	0	static
ti_sci.c:1618:12:ti_sci_cmd_get_resource_range	16	static
ti_sci.c:1657:12:ti_sci_cmd_query_msmc	40	static
ti_sci.c:1488:12:ti_sci_cmd_core_reboot	32	static
ti_sci.c:1445:12:ti_sci_cmd_clk_get_freq	48	static
ti_sci.c:1397:12:ti_sci_cmd_clk_set_freq	88	static
ti_sci.c:1337:12:ti_sci_cmd_clk_get_match_freq	96	static
ti_sci.c:1279:12:ti_sci_cmd_clk_get_num_parents	48	static
ti_sci.c:1233:12:ti_sci_cmd_clk_get_parent	48	static
ti_sci.c:1188:12:ti_sci_cmd_clk_set_parent	48	static
ti_sci.c:974:12:ti_sci_cmd_get_clock_state	56	static
ti_sci.c:1156:12:ti_sci_cmd_clk_is_off	32	static
ti_sci.c:1123:12:ti_sci_cmd_clk_is_on	32	static
ti_sci.c:1094:12:ti_sci_cmd_clk_is_auto	32	static
ti_sci.c:927:12:ti_sci_set_clock_state	40	static
ti_sci.c:1076:12:ti_sci_cmd_put_clock	16	static
ti_sci.c:1057:12:ti_sci_cmd_idle_clock	16	static
ti_sci.c:1031:12:ti_sci_cmd_get_clock	8	static
ti_sci.c:579:12:ti_sci_get_device_state	56	static
ti_sci.c:908:12:ti_sci_cmd_get_device_resets	16	static
ti_sci.c:839:12:ti_sci_cmd_dev_is_trans	24	static
ti_sci.c:809:12:ti_sci_cmd_dev_is_on	32	static
ti_sci.c:778:12:ti_sci_cmd_dev_is_stop	32	static
ti_sci.c:751:12:ti_sci_cmd_dev_is_idle	24	static
ti_sci.c:737:12:ti_sci_cmd_dev_get_clcnt	16	static
ti_sci.c:721:12:ti_sci_cmd_dev_is_valid	24	static
ti_sci.c:866:12:ti_sci_cmd_set_device_resets	40	static
ti_sci.c:335:12:cmd_set_board_config_using_msg	48	static
ti_sci.c:430:12:ti_sci_cmd_set_board_config_pm	0	static
ti_sci.c:413:5:ti_sci_cmd_set_board_config_security	0	static
ti_sci.c:395:5:ti_sci_cmd_set_board_config_rm	0	static
ti_sci.c:377:12:ti_sci_cmd_set_board_config	0	static
ti_sci.c:2773:12:ti_sci_of_to_info	24	static
ti_sci.c:2847:27:ti_sci_dm_probe	24	static
ti_sci.c:2812:12:ti_sci_probe	32	static
ti_sci.c:2106:12:ti_sci_cmd_proc_shutdown_no_wait	64	static
ti_sci.c:488:12:ti_sci_set_device_state	56	static
ti_sci.c:688:12:ti_sci_cmd_put_device	0	static
ti_sci.c:695:5:ti_sci_cmd_release_exclusive_devices	32	static
ti_sci.c:670:12:ti_sci_cmd_idle_device_exclusive	0	static
ti_sci.c:663:12:ti_sci_cmd_idle_device	0	static
ti_sci.c:645:12:ti_sci_cmd_get_device_exclusive	0	static
ti_sci.c:639:12:ti_sci_cmd_get_device	0	static
ti_sci.c:2697:23:ti_sci_get_handle_from_sysfw	8	static
ti_sci.c:2722:29:ti_sci_get_handle	8	static
ti_sci.c:2739:29:ti_sci_get_by_phandle	16	static
ti_sci.c:2899:5:ti_sci_get_free_resource	24	static
ti_sci.c:2919:6:ti_sci_release_resource	16	static
ti_sci.c:2946:1:devm_ti_sci_get_of_resource	48	static
