cadence_qspi.c:808:12:cadence_spi_set_mode	16	static
cadence_qspi.c:571:12:cadence_spi_write_speed	32	static
cadence_qspi.c:71:12:cadence_spi_phy_check_pattern	72	static
cadence_qspi.c:63:13:cadence_spi_phy_apply_setting	16	static
cadence_qspi.c:126:12:cadence_spi_find_rx_high	24	static
cadence_qspi.c:174:12:cadence_spi_find_tx_high	24	static
cadence_qspi.c:891:13:cadence_spi_mem_supports_op	4	static
cadence_qspi.c:972:12:cadence_spi_of_to_plat	32	static
cadence_qspi.c:797:12:cadence_spi_remove	8	static
cadence_qspi.c:721:12:cadence_spi_probe	48	static
cadence_qspi.c:586:12:cadence_spi_read_id.constprop	64	static
cadence_qspi.c:680:12:cadence_spi_set_speed	48	static
cadence_qspi.c:150:12:cadence_spi_find_tx_low.constprop	24	static
cadence_qspi.c:102:12:cadence_spi_find_rx_low.constprop	24	static
cadence_qspi.c:918:13:cadence_spi_mem_do_calibration	104	static
cadence_qspi.c:33:12:cadence_qspi_apb_dma_read	0	static
cadence_qspi.c:828:12:cadence_spi_mem_exec_op	24	static
cadence_qspi.c:39:12:cadence_qspi_versal_flash_reset	0	static
